Archive member included to satisfy reference by file (symbol)

C:/ST/STM32CubeIDE_1.13.1/STM32CubeIDE/plugins/com.st.stm32cube.ide.mcu.externaltools.gnu-tools-for-stm32.11.3.rel1.win32_1.1.100.202309141235/tools/bin/../lib/gcc/arm-none-eabi/11.3.1/../../../../arm-none-eabi/lib/thumb/v7e-m+fp/hard\libc_nano.a(libc_a-exit.o)
                              C:/ST/STM32CubeIDE_1.13.1/STM32CubeIDE/plugins/com.st.stm32cube.ide.mcu.externaltools.gnu-tools-for-stm32.11.3.rel1.win32_1.1.100.202309141235/tools/bin/../lib/gcc/arm-none-eabi/11.3.1/../../../../arm-none-eabi/lib/thumb/v7e-m+fp/hard/crt0.o (exit)
C:/ST/STM32CubeIDE_1.13.1/STM32CubeIDE/plugins/com.st.stm32cube.ide.mcu.externaltools.gnu-tools-for-stm32.11.3.rel1.win32_1.1.100.202309141235/tools/bin/../lib/gcc/arm-none-eabi/11.3.1/../../../../arm-none-eabi/lib/thumb/v7e-m+fp/hard\libc_nano.a(libc_a-itoa.o)
                              ./Src/main.o (itoa)
C:/ST/STM32CubeIDE_1.13.1/STM32CubeIDE/plugins/com.st.stm32cube.ide.mcu.externaltools.gnu-tools-for-stm32.11.3.rel1.win32_1.1.100.202309141235/tools/bin/../lib/gcc/arm-none-eabi/11.3.1/../../../../arm-none-eabi/lib/thumb/v7e-m+fp/hard\libc_nano.a(libc_a-utoa.o)
                              C:/ST/STM32CubeIDE_1.13.1/STM32CubeIDE/plugins/com.st.stm32cube.ide.mcu.externaltools.gnu-tools-for-stm32.11.3.rel1.win32_1.1.100.202309141235/tools/bin/../lib/gcc/arm-none-eabi/11.3.1/../../../../arm-none-eabi/lib/thumb/v7e-m+fp/hard\libc_nano.a(libc_a-itoa.o) (__utoa)
C:/ST/STM32CubeIDE_1.13.1/STM32CubeIDE/plugins/com.st.stm32cube.ide.mcu.externaltools.gnu-tools-for-stm32.11.3.rel1.win32_1.1.100.202309141235/tools/bin/../lib/gcc/arm-none-eabi/11.3.1/../../../../arm-none-eabi/lib/thumb/v7e-m+fp/hard\libc_nano.a(libc_a-findfp.o)
                              C:/ST/STM32CubeIDE_1.13.1/STM32CubeIDE/plugins/com.st.stm32cube.ide.mcu.externaltools.gnu-tools-for-stm32.11.3.rel1.win32_1.1.100.202309141235/tools/bin/../lib/gcc/arm-none-eabi/11.3.1/../../../../arm-none-eabi/lib/thumb/v7e-m+fp/hard\libc_nano.a(libc_a-exit.o) (__stdio_exit_handler)
C:/ST/STM32CubeIDE_1.13.1/STM32CubeIDE/plugins/com.st.stm32cube.ide.mcu.externaltools.gnu-tools-for-stm32.11.3.rel1.win32_1.1.100.202309141235/tools/bin/../lib/gcc/arm-none-eabi/11.3.1/../../../../arm-none-eabi/lib/thumb/v7e-m+fp/hard\libc_nano.a(libc_a-fwalk.o)
                              C:/ST/STM32CubeIDE_1.13.1/STM32CubeIDE/plugins/com.st.stm32cube.ide.mcu.externaltools.gnu-tools-for-stm32.11.3.rel1.win32_1.1.100.202309141235/tools/bin/../lib/gcc/arm-none-eabi/11.3.1/../../../../arm-none-eabi/lib/thumb/v7e-m+fp/hard\libc_nano.a(libc_a-findfp.o) (_fwalk_sglue)
C:/ST/STM32CubeIDE_1.13.1/STM32CubeIDE/plugins/com.st.stm32cube.ide.mcu.externaltools.gnu-tools-for-stm32.11.3.rel1.win32_1.1.100.202309141235/tools/bin/../lib/gcc/arm-none-eabi/11.3.1/../../../../arm-none-eabi/lib/thumb/v7e-m+fp/hard\libc_nano.a(libc_a-printf.o)
                              ./Src/main.o (printf)
C:/ST/STM32CubeIDE_1.13.1/STM32CubeIDE/plugins/com.st.stm32cube.ide.mcu.externaltools.gnu-tools-for-stm32.11.3.rel1.win32_1.1.100.202309141235/tools/bin/../lib/gcc/arm-none-eabi/11.3.1/../../../../arm-none-eabi/lib/thumb/v7e-m+fp/hard\libc_nano.a(libc_a-stdio.o)
                              C:/ST/STM32CubeIDE_1.13.1/STM32CubeIDE/plugins/com.st.stm32cube.ide.mcu.externaltools.gnu-tools-for-stm32.11.3.rel1.win32_1.1.100.202309141235/tools/bin/../lib/gcc/arm-none-eabi/11.3.1/../../../../arm-none-eabi/lib/thumb/v7e-m+fp/hard\libc_nano.a(libc_a-findfp.o) (__sread)
C:/ST/STM32CubeIDE_1.13.1/STM32CubeIDE/plugins/com.st.stm32cube.ide.mcu.externaltools.gnu-tools-for-stm32.11.3.rel1.win32_1.1.100.202309141235/tools/bin/../lib/gcc/arm-none-eabi/11.3.1/../../../../arm-none-eabi/lib/thumb/v7e-m+fp/hard\libc_nano.a(libc_a-memset.o)
                              C:/ST/STM32CubeIDE_1.13.1/STM32CubeIDE/plugins/com.st.stm32cube.ide.mcu.externaltools.gnu-tools-for-stm32.11.3.rel1.win32_1.1.100.202309141235/tools/bin/../lib/gcc/arm-none-eabi/11.3.1/../../../../arm-none-eabi/lib/thumb/v7e-m+fp/hard/crt0.o (memset)
C:/ST/STM32CubeIDE_1.13.1/STM32CubeIDE/plugins/com.st.stm32cube.ide.mcu.externaltools.gnu-tools-for-stm32.11.3.rel1.win32_1.1.100.202309141235/tools/bin/../lib/gcc/arm-none-eabi/11.3.1/../../../../arm-none-eabi/lib/thumb/v7e-m+fp/hard\libc_nano.a(libc_a-closer.o)
                              C:/ST/STM32CubeIDE_1.13.1/STM32CubeIDE/plugins/com.st.stm32cube.ide.mcu.externaltools.gnu-tools-for-stm32.11.3.rel1.win32_1.1.100.202309141235/tools/bin/../lib/gcc/arm-none-eabi/11.3.1/../../../../arm-none-eabi/lib/thumb/v7e-m+fp/hard\libc_nano.a(libc_a-stdio.o) (_close_r)
C:/ST/STM32CubeIDE_1.13.1/STM32CubeIDE/plugins/com.st.stm32cube.ide.mcu.externaltools.gnu-tools-for-stm32.11.3.rel1.win32_1.1.100.202309141235/tools/bin/../lib/gcc/arm-none-eabi/11.3.1/../../../../arm-none-eabi/lib/thumb/v7e-m+fp/hard\libc_nano.a(libc_a-reent.o)
[...]
Memory Configuration

Name             Origin             Length             Attributes
CCMRAM           0x0000000010000000 0x0000000000010000 xrw
RAM              0x0000000020000000 0x0000000000020000 xrw
FLASH            0x0000000008000000 0x0000000000100000 xr
*default*        0x0000000000000000 0xffffffffffffffff

Linker script and memory map

LOAD C:/ST/STM32CubeIDE_1.13.1/STM32CubeIDE/plugins/com.st.stm32cube.ide.mcu.externaltools.gnu-tools-for-stm32.11.3.rel1.win32_1.1.100.202309141235/tools/bin/../lib/gcc/arm-none-eabi/11.3.1/thumb/v7e-m+fp/hard/crti.o
LOAD C:/ST/STM32CubeIDE_1.13.1/STM32CubeIDE/plugins/com.st.stm32cube.ide.mcu.externaltools.gnu-tools-for-stm32.11.3.rel1.win32_1.1.100.202309141235/tools/bin/../lib/gcc/arm-none-eabi/11.3.1/thumb/v7e-m+fp/hard/crtbegin.o
LOAD C:/ST/STM32CubeIDE_1.13.1/STM32CubeIDE/plugins/com.st.stm32cube.ide.mcu.externaltools.gnu-tools-for-stm32.11.3.rel1.win32_1.1.100.202309141235/tools/bin/../lib/gcc/arm-none-eabi/11.3.1/../../../../arm-none-eabi/lib/thumb/v7e-m+fp/hard/crt0.o
LOAD ./Inc/misc.o
LOAD ./Inc/stm32f4xx_dcmi.o
LOAD ./Inc/stm32f4xx_dma.o
LOAD ./Inc/stm32f4xx_gpio.o
LOAD ./Inc/stm32f4xx_i2c.o
LOAD ./Inc/stm32f4xx_rcc.o
LOAD ./Inc/stm32f4xx_tim.o
LOAD ./Inc/stm32f4xx_usart.o
LOAD ./Src/main.o
LOAD ./Src/syscalls.o
LOAD ./Src/sysmem.o
LOAD ./Startup/startup_stm32f407vgtx.o
START GROUP
LOAD C:/ST/STM32CubeIDE_1.13.1/STM32CubeIDE/plugins/com.st.stm32cube.ide.mcu.externaltools.gnu-tools-for-stm32.11.3.rel1.win32_1.1.100.202309141235/tools/bin/../lib/gcc/arm-none-eabi/11.3.1/../../../../arm-none-eabi/lib/thumb/v7e-m+fp/hard\libc_nano.a
LOAD C:/ST/STM32CubeIDE_1.13.1/STM32CubeIDE/plugins/com.st.stm32cube.ide.mcu.externaltools.gnu-tools-for-stm32.11.3.rel1.win32_1.1.100.202309141235/tools/bin/../lib/gcc/arm-none-eabi/11.3.1/../../../../arm-none-eabi/lib/thumb/v7e-m+fp/hard\libm.a
END GROUP
START GROUP
LOAD C:/ST/STM32CubeIDE_1.13.1/STM32CubeIDE/plugins/com.st.stm32cube.ide.mcu.externaltools.gnu-tools-for-stm32.11.3.rel1.win32_1.1.100.202309141235/tools/bin/../lib/gcc/arm-none-eabi/11.3.1/thumb/v7e-m+fp/hard\libgcc.a
LOAD C:/ST/STM32CubeIDE_1.13.1/STM32CubeIDE/plugins/com.st.stm32cube.ide.mcu.externaltools.gnu-tools-for-stm32.11.3.rel1.win32_1.1.100.202309141235/tools/bin/../lib/gcc/arm-none-eabi/11.3.1/../../../../arm-none-eabi/lib/thumb/v7e-m+fp/hard\libc_nano.a
END GROUP
START GROUP
LOAD C:/ST/STM32CubeIDE_1.13.1/STM32CubeIDE/plugins/com.st.stm32cube.ide.mcu.externaltools.gnu-tools-for-stm32.11.3.rel1.win32_1.1.100.202309141235/tools/bin/../lib/gcc/arm-none-eabi/11.3.1/thumb/v7e-m+fp/hard\libgcc.a
LOAD C:/ST/STM32CubeIDE_1.13.1/STM32CubeIDE/plugins/com.st.stm32cube.ide.mcu.externaltools.gnu-tools-for-stm32.11.3.rel1.win32_1.1.100.202309141235/tools/bin/../lib/gcc/arm-none-eabi/11.3.1/../../../../arm-none-eabi/lib/thumb/v7e-m+fp/hard\libc_nano.a
LOAD C:/ST/STM32CubeIDE_1.13.1/STM32CubeIDE/plugins/com.st.stm32cube.ide.mcu.externaltools.gnu-tools-for-stm32.11.3.rel1.win32_1.1.100.202309141235/tools/bin/../lib/gcc/arm-none-eabi/11.3.1/../../../../arm-none-eabi/lib/thumb/v7e-m+fp/hard\libnosys.a
END GROUP
START GROUP
LOAD C:/ST/STM32CubeIDE_1.13.1/STM32CubeIDE/plugins/com.st.stm32cube.ide.mcu.externaltools.gnu-tools-for-stm32.11.3.rel1.win32_1.1.100.202309141235/tools/bin/../lib/gcc/arm-none-eabi/11.3.1/thumb/v7e-m+fp/hard\libgcc.a
LOAD C:/ST/STM32CubeIDE_1.13.1/STM32CubeIDE/plugins/com.st.stm32cube.ide.mcu.externaltools.gnu-tools-for-stm32.11.3.rel1.win32_1.1.100.202309141235/tools/bin/../lib/gcc/arm-none-eabi/11.3.1/../../../../arm-none-eabi/lib/thumb/v7e-m+fp/hard\libc_nano.a
LOAD C:/ST/STM32CubeIDE_1.13.1/STM32CubeIDE/plugins/com.st.stm32cube.ide.mcu.externaltools.gnu-tools-for-stm32.11.3.rel1.win32_1.1.100.202309141235/tools/bin/../lib/gcc/arm-none-eabi/11.3.1/../../../../arm-none-eabi/lib/thumb/v7e-m+fp/hard\libnosys.a
END GROUP
LOAD C:/ST/STM32CubeIDE_1.13.1/STM32CubeIDE/plugins/com.st.stm32cube.ide.mcu.externaltools.gnu-tools-for-stm32.11.3.rel1.win32_1.1.100.202309141235/tools/bin/../lib/gcc/arm-none-eabi/11.3.1/thumb/v7e-m+fp/hard/crtend.o
LOAD C:/ST/STM32CubeIDE_1.13.1/STM32CubeIDE/plugins/com.st.stm32cube.ide.mcu.externaltools.gnu-tools-for-stm32.11.3.rel1.win32_1.1.100.202309141235/tools/bin/../lib/gcc/arm-none-eabi/11.3.1/thumb/v7e-m+fp/hard/crtn.o
                0x0000000020020000                _estack = (ORIGIN (RAM) + LENGTH (RAM))
                0x0000000000000200                _Min_Heap_Size = 0x200
                0x0000000000000400                _Min_Stack_Size = 0x400

.isr_vector     0x0000000008000000      0x188
                0x0000000008000000                . = ALIGN (0x4)
 *(.isr_vector)
 .isr_vector    0x0000000008000000      0x188 ./Startup/startup_stm32f407vgtx.o
                0x0000000008000000                g_pfnVectors
                0x0000000008000188                . = ALIGN (0x4)

.text           0x0000000008000190     0x36ec
                0x0000000008000190                . = ALIGN (0x4)
 *(.text)
 .text          0x0000000008000190       0x40 C:/ST/STM32CubeIDE_1.13.1/STM32CubeIDE/plugins/com.st.stm32cube.ide.mcu.externaltools.gnu-tools-for-stm32.11.3.rel1.win32_1.1.100.202309141235/tools/bin/../lib/gcc/arm-none-eabi/11.3.1/thumb/v7e-m+fp/hard/crtbegin.o
 .text          0x00000000080001d0       0xa0 C:/ST/STM32CubeIDE_1.13.1/STM32CubeIDE/plugins/com.st.stm32cube.ide.mcu.externaltools.gnu-tools-for-stm32.11.3.rel1.win32_1.1.100.202309141235/tools/bin/../lib/gcc/arm-none-eabi/11.3.1/../../../../arm-none-eabi/lib/thumb/v7e-m+fp/hard\libc_nano.a(libc_a-memchr.o)
                0x00000000080001d0                memchr
 .text          0x0000000008000270       0x30 C:/ST/STM32CubeIDE_1.13.1/STM32CubeIDE/plugins/com.st.stm32cube.ide.mcu.externaltools.gnu-tools-for-stm32.11.3.rel1.win32_1.1.100.202309141235/tools/bin/../lib/gcc/arm-none-eabi/11.3.1/thumb/v7e-m+fp/hard\libgcc.a(_aeabi_uldivmod.o)
                0x0000000008000270                __aeabi_uldivmod
 .text          0x00000000080002a0      0x2c8 C:/ST/STM32CubeIDE_1.13.1/STM32CubeIDE/plugins/com.st.stm32cube.ide.mcu.externaltools.gnu-tools-for-stm32.11.3.rel1.win32_1.1.100.202309141235/tools/bin/../lib/gcc/arm-none-eabi/11.3.1/thumb/v7e-m+fp/hard\libgcc.a(_udivmoddi4.o)
                0x00000000080002a0                __udivmoddi4
 .text          0x0000000008000568        0x4 C:/ST/STM32CubeIDE_1.13.1/STM32CubeIDE/plugins/com.st.stm32cube.ide.mcu.externaltools.gnu-tools-for-stm32.11.3.rel1.win32_1.1.100.202309141235/tools/bin/../lib/gcc/arm-none-eabi/11.3.1/thumb/v7e-m+fp/hard\libgcc.a(_dvmd_tls.o)
                0x0000000008000568                __aeabi_idiv0
                0x0000000008000568                __aeabi_ldiv0
 *(.text*)
 .text.NVIC_PriorityGroupConfig
                0x000000000800056c       0x28 ./Inc/misc.o
                0x000000000800056c                NVIC_PriorityGroupConfig
 .text.NVIC_Init
                0x0000000008000594       0xc4 ./Inc/misc.o
                0x0000000008000594                NVIC_Init
 .text.DCMI_DeInit
                0x0000000008000658       0x3c ./Inc/stm32f4xx_dcmi.o
                0x0000000008000658                DCMI_DeInit
 .text.DCMI_Init
                0x0000000008000694       0x80 ./Inc/stm32f4xx_dcmi.o
                0x0000000008000694                DCMI_Init
 .text.DCMI_Cmd
                0x0000000008000714       0x3c ./Inc/stm32f4xx_dcmi.o
                0x0000000008000714                DCMI_Cmd
 .text.DCMI_CaptureCmd
                0x0000000008000750       0x3c ./Inc/stm32f4xx_dcmi.o
                0x0000000008000750                DCMI_CaptureCmd
 .text.DCMI_ITConfig
                0x000000000800078c       0x48 ./Inc/stm32f4xx_dcmi.o
                0x000000000800078c                DCMI_ITConfig
 .text.DCMI_GetFlagStatus
                0x00000000080007d4       0x64 ./Inc/stm32f4xx_dcmi.o
                0x00000000080007d4                DCMI_GetFlagStatus
 .text.DCMI_ClearFlag
                0x0000000008000838       0x20 ./Inc/stm32f4xx_dcmi.o
                0x0000000008000838                DCMI_ClearFlag
 .text.DMA_DeInit
                0x0000000008000858      0x1a8 ./Inc/stm32f4xx_dma.o
                0x0000000008000858                DMA_DeInit
 .text.DMA_Init
                0x0000000008000a00       0xb0 ./Inc/stm32f4xx_dma.o
                0x0000000008000a00                DMA_Init
 .text.DMA_Cmd  0x0000000008000ab0       0x38 ./Inc/stm32f4xx_dma.o
                0x0000000008000ab0                DMA_Cmd
 .text.DMA_ITConfig
                0x0000000008000ae8       0x74 ./Inc/stm32f4xx_dma.o
                0x0000000008000ae8                DMA_ITConfig
 .text.DMA_GetITStatus
                0x0000000008000b5c       0xb0 ./Inc/stm32f4xx_dma.o
                0x0000000008000b5c                DMA_GetITStatus
 .text.DMA_ClearITPendingBit
                0x0000000008000c0c       0x5c ./Inc/stm32f4xx_dma.o
                0x0000000008000c0c                DMA_ClearITPendingBit
 .text.GPIO_Init
                0x0000000008000c68      0x11e ./Inc/stm32f4xx_gpio.o
                0x0000000008000c68                GPIO_Init
 .text.GPIO_StructInit
                0x0000000008000d86       0x34 ./Inc/stm32f4xx_gpio.o
                0x0000000008000d86                GPIO_StructInit
 .text.GPIO_PinAFConfig
                0x0000000008000dba       0x92 ./Inc/stm32f4xx_gpio.o
                0x0000000008000dba                GPIO_PinAFConfig
 .text.I2C_DeInit
                0x0000000008000e4c       0x74 ./Inc/stm32f4xx_i2c.o
                0x0000000008000e4c                I2C_DeInit
 .text.I2C_Init
                0x0000000008000ec0      0x184 ./Inc/stm32f4xx_i2c.o
                0x0000000008000ec0                I2C_Init
 .text.I2C_StructInit
                0x0000000008001044       0x3e ./Inc/stm32f4xx_i2c.o
                0x0000000008001044                I2C_StructInit
 .text.I2C_Cmd  0x0000000008001082       0x40 ./Inc/stm32f4xx_i2c.o
                0x0000000008001082                I2C_Cmd
 .text.I2C_GenerateSTART
                0x00000000080010c2       0x40 ./Inc/stm32f4xx_i2c.o
                0x00000000080010c2                I2C_GenerateSTART
 .text.I2C_GenerateSTOP
                0x0000000008001102       0x40 ./Inc/stm32f4xx_i2c.o
                0x0000000008001102                I2C_GenerateSTOP
 .text.I2C_Send7bitAddress
                0x0000000008001142       0x3c ./Inc/stm32f4xx_i2c.o
                0x0000000008001142                I2C_Send7bitAddress
 .text.I2C_SendData
                0x000000000800117e       0x20 ./Inc/stm32f4xx_i2c.o
                0x000000000800117e                I2C_SendData
 .text.I2C_ITConfig
                0x000000000800119e       0x48 ./Inc/stm32f4xx_i2c.o
                0x000000000800119e                I2C_ITConfig
 .text.I2C_CheckEvent
                0x00000000080011e6       0x60 ./Inc/stm32f4xx_i2c.o
                0x00000000080011e6                I2C_CheckEvent
 .text.I2C_GetFlagStatus
                0x0000000008001246       0x66 ./Inc/stm32f4xx_i2c.o
                0x0000000008001246                I2C_GetFlagStatus
 .text.RCC_ClockSecuritySystemCmd
                0x00000000080012ac       0x20 ./Inc/stm32f4xx_rcc.o
                0x00000000080012ac                RCC_ClockSecuritySystemCmd
 .text.RCC_MCO1Config
                0x00000000080012cc       0x40 ./Inc/stm32f4xx_rcc.o
                0x00000000080012cc                RCC_MCO1Config
 .text.RCC_GetClocksFreq
                0x000000000800130c      0x15c ./Inc/stm32f4xx_rcc.o
                0x000000000800130c                RCC_GetClocksFreq
 .text.RCC_AHB1PeriphClockCmd
                0x0000000008001468       0x40 ./Inc/stm32f4xx_rcc.o
                0x0000000008001468                RCC_AHB1PeriphClockCmd
 .text.RCC_AHB2PeriphClockCmd
                0x00000000080014a8       0x40 ./Inc/stm32f4xx_rcc.o
                0x00000000080014a8                RCC_AHB2PeriphClockCmd
 .text.RCC_APB1PeriphClockCmd
                0x00000000080014e8       0x40 ./Inc/stm32f4xx_rcc.o
                0x00000000080014e8                RCC_APB1PeriphClockCmd
 .text.RCC_APB1PeriphResetCmd
                0x0000000008001528       0x40 ./Inc/stm32f4xx_rcc.o
                0x0000000008001528                RCC_APB1PeriphResetCmd
 .text.USART_Init
                0x0000000008001568      0x174 ./Inc/stm32f4xx_usart.o
                0x0000000008001568                USART_Init
 .text.USART_Cmd
                0x00000000080016dc       0x40 ./Inc/stm32f4xx_usart.o
                0x00000000080016dc                USART_Cmd
 .text.USART_SendData
                0x000000000800171c       0x24 ./Inc/stm32f4xx_usart.o
                0x000000000800171c                USART_SendData
 .text.USART_ReceiveData
                0x0000000008001740       0x20 ./Inc/stm32f4xx_usart.o
                0x0000000008001740                USART_ReceiveData
 .text.USART_ITConfig
                0x0000000008001760       0x90 ./Inc/stm32f4xx_usart.o
                0x0000000008001760                USART_ITConfig
 .text.USART_GetFlagStatus
                0x00000000080017f0       0x38 ./Inc/stm32f4xx_usart.o
                0x00000000080017f0                USART_GetFlagStatus
 .text.USART_ClearFlag
                0x0000000008001828       0x22 ./Inc/stm32f4xx_usart.o
                0x0000000008001828                USART_ClearFlag
 .text.__io_putchar
                0x000000000800184a       0x1c ./Src/main.o
                0x000000000800184a                __io_putchar
 *fill*         0x0000000008001866        0x2 
 .text.main     0x0000000008001868       0xb4 ./Src/main.o
                0x0000000008001868                main
 .text.DMA2_Stream1_IRQHandler
                0x000000000800191c       0x4c ./Src/main.o
                0x000000000800191c                DMA2_Stream1_IRQHandler
 .text.DCMI_IRQHandler
                0x0000000008001968       0x58 ./Src/main.o
                0x0000000008001968                DCMI_IRQHandler
 .text.USART2_IRQHandler
                0x00000000080019c0       0xf0 ./Src/main.o
                0x00000000080019c0                USART2_IRQHandler
 .text.MCO1_init
                0x0000000008001ab0       0x54 ./Src/main.o
                0x0000000008001ab0                MCO1_init
 .text.Delay    0x0000000008001b04       0x22 ./Src/main.o
                0x0000000008001b04                Delay
 *fill*         0x0000000008001b26        0x2 
 .text.led_init
                0x0000000008001b28       0x3c ./Src/main.o
                0x0000000008001b28                led_init
 .text.err_led  0x0000000008001b64       0x48 ./Src/main.o
                0x0000000008001b64                err_led
 .text.I2C1_init
                0x0000000008001bac       0xc0 ./Src/main.o
                0x0000000008001bac                I2C1_init
 .text.I2C1_write
                0x0000000008001c6c      0x128 ./Src/main.o
                0x0000000008001c6c                I2C1_write
 .text.camInit  0x0000000008001d94       0x78 ./Src/main.o
                0x0000000008001d94                camInit
 .text.uart2_tx_init
                0x0000000008001e0c       0xb0 ./Src/main.o
                0x0000000008001e0c                uart2_tx_init
 .text.uart2_write
                0x0000000008001ebc       0x34 ./Src/main.o
                0x0000000008001ebc                uart2_write
 .text.Serial_read
                0x0000000008001ef0       0x18 ./Src/main.o
                0x0000000008001ef0                Serial_read
 .text.Serial_log
                0x0000000008001f08       0x44 ./Src/main.o
                0x0000000008001f08                Serial_log
 .text.DCMI_Configure
                0x0000000008001f4c      0x284 ./Src/main.o
                0x0000000008001f4c                DCMI_Configure
 .text.CaptureFrame
                0x00000000080021d0       0x20 ./Src/main.o
                0x00000000080021d0                CaptureFrame
 .text.YUVtoGREY_2D
                0x00000000080021f0       0xb4 ./Src/main.o
                0x00000000080021f0                YUVtoGREY_2D
 .text.Histogram
                0x00000000080022a4      0x16c ./Src/main.o
                0x00000000080022a4                Histogram
 .text.sqr_root
                0x0000000008002410      0x106 ./Src/main.o
                0x0000000008002410                sqr_root
 *fill*         0x0000000008002516        0x2 
 .text.TransmitLine_2D_UP
                0x0000000008002518      0x148 ./Src/main.o
                0x0000000008002518                TransmitLine_2D_UP
 .text.SobelEdgeDetection
                0x0000000008002660      0x1f8 ./Src/main.o
                0x0000000008002660                SobelEdgeDetection
 .text._read    0x0000000008002858       0x3a ./Src/syscalls.o
                0x0000000008002858                _read
 .text._write   0x0000000008002892       0x38 ./Src/syscalls.o
                0x0000000008002892                _write
 .text._close   0x00000000080028ca       0x18 ./Src/syscalls.o
                0x00000000080028ca                _close
 .text._fstat   0x00000000080028e2       0x20 ./Src/syscalls.o
                0x00000000080028e2                _fstat
 .text._isatty  0x0000000008002902       0x16 ./Src/syscalls.o
                0x0000000008002902                _isatty
 .text._lseek   0x0000000008002918       0x1a ./Src/syscalls.o
                0x0000000008002918                _lseek
 *fill*         0x0000000008002932        0x2 
 .text._sbrk    0x0000000008002934       0x6c ./Src/sysmem.o
                0x0000000008002934                _sbrk
 .text.Reset_Handler
                0x00000000080029a0       0x50 ./Startup/startup_stm32f407vgtx.o
                0x00000000080029a0                Reset_Handler
 .text.Default_Handler
                0x00000000080029f0        0x2 ./Startup/startup_stm32f407vgtx.o
                0x00000000080029f0                RTC_Alarm_IRQHandler
                0x00000000080029f0                HASH_RNG_IRQHandler
                0x00000000080029f0                EXTI2_IRQHandler
                0x00000000080029f0                TIM8_CC_IRQHandler
                0x00000000080029f0                DebugMon_Handler
                0x00000000080029f0                TIM1_CC_IRQHandler
                0x00000000080029f0                DMA2_Stream5_IRQHandler
                0x00000000080029f0                HardFault_Handler
                0x00000000080029f0                DMA1_Stream5_IRQHandler
                0x00000000080029f0                SysTick_Handler
                0x00000000080029f0                PVD_IRQHandler
                0x00000000080029f0                SDIO_IRQHandler
                0x00000000080029f0                TAMP_STAMP_IRQHandler
                0x00000000080029f0                PendSV_Handler
                0x00000000080029f0                NMI_Handler
                0x00000000080029f0                CAN2_RX1_IRQHandler
                0x00000000080029f0                EXTI3_IRQHandler
                0x00000000080029f0                TIM8_TRG_COM_TIM14_IRQHandler
                0x00000000080029f0                TIM1_UP_TIM10_IRQHandler
                0x00000000080029f0                TIM8_UP_TIM13_IRQHandler
                0x00000000080029f0                I2C3_ER_IRQHandler
                0x00000000080029f0                EXTI0_IRQHandler
                0x00000000080029f0                I2C2_EV_IRQHandler
                0x00000000080029f0                DMA1_Stream2_IRQHandler
                0x00000000080029f0                CAN1_RX0_IRQHandler
                0x00000000080029f0                FPU_IRQHandler
                0x00000000080029f0                OTG_HS_WKUP_IRQHandler
                0x00000000080029f0                UsageFault_Handler
                0x00000000080029f0                CAN2_SCE_IRQHandler
                0x00000000080029f0                DMA2_Stream2_IRQHandler
                0x00000000080029f0                SPI1_IRQHandler
                0x00000000080029f0                TIM6_DAC_IRQHandler
                0x00000000080029f0                TIM1_BRK_TIM9_IRQHandler
                0x00000000080029f0                CAN2_RX0_IRQHandler
                0x00000000080029f0                DMA2_Stream3_IRQHandler
                0x00000000080029f0                USART6_IRQHandler
                0x00000000080029f0                USART3_IRQHandler
                0x00000000080029f0                CRYP_IRQHandler
                0x00000000080029f0                CAN1_RX1_IRQHandler
                0x00000000080029f0                UART5_IRQHandler
                0x00000000080029f0                DMA2_Stream0_IRQHandler
                0x00000000080029f0                TIM4_IRQHandler
                0x00000000080029f0                I2C1_EV_IRQHandler
                0x00000000080029f0                DMA1_Stream6_IRQHandler
                0x00000000080029f0                DMA1_Stream1_IRQHandler
                0x00000000080029f0                UART4_IRQHandler
                0x00000000080029f0                TIM3_IRQHandler
                0x00000000080029f0                RCC_IRQHandler
                0x00000000080029f0                TIM8_BRK_TIM12_IRQHandler
                0x00000000080029f0                Default_Handler
                0x00000000080029f0                EXTI15_10_IRQHandler
                0x00000000080029f0                ADC_IRQHandler
                0x00000000080029f0                DMA1_Stream7_IRQHandler
                0x00000000080029f0                TIM7_IRQHandler
                0x00000000080029f0                CAN2_TX_IRQHandler
                0x00000000080029f0                TIM5_IRQHandler
                0x00000000080029f0                DMA2_Stream7_IRQHandler
                0x00000000080029f0                I2C3_EV_IRQHandler
                0x00000000080029f0                EXTI9_5_IRQHandler
                0x00000000080029f0                RTC_WKUP_IRQHandler
                0x00000000080029f0                ETH_WKUP_IRQHandler
                0x00000000080029f0                SPI2_IRQHandler
                0x00000000080029f0                OTG_HS_EP1_IN_IRQHandler
                0x00000000080029f0                MemManage_Handler
                0x00000000080029f0                DMA1_Stream0_IRQHandler
                0x00000000080029f0                CAN1_TX_IRQHandler
                0x00000000080029f0                SVC_Handler
                0x00000000080029f0                EXTI4_IRQHandler
                0x00000000080029f0                FSMC_IRQHandler
                0x00000000080029f0                ETH_IRQHandler
                0x00000000080029f0                OTG_HS_EP1_OUT_IRQHandler
                0x00000000080029f0                WWDG_IRQHandler
                0x00000000080029f0                TIM2_IRQHandler
                0x00000000080029f0                OTG_FS_WKUP_IRQHandler
                0x00000000080029f0                TIM1_TRG_COM_TIM11_IRQHandler
                0x00000000080029f0                OTG_HS_IRQHandler
                0x00000000080029f0                EXTI1_IRQHandler
                0x00000000080029f0                I2C2_ER_IRQHandler
                0x00000000080029f0                CAN1_SCE_IRQHandler
                0x00000000080029f0                DMA2_Stream4_IRQHandler
                0x00000000080029f0                BusFault_Handler
                0x00000000080029f0                USART1_IRQHandler
                0x00000000080029f0                OTG_FS_IRQHandler
                0x00000000080029f0                SPI3_IRQHandler
                0x00000000080029f0                DMA1_Stream4_IRQHandler
                0x00000000080029f0                I2C1_ER_IRQHandler
                0x00000000080029f0                DMA2_Stream6_IRQHandler
                0x00000000080029f0                DMA1_Stream3_IRQHandler
 *fill*         0x00000000080029f2        0x2 
 .text.std      0x00000000080029f4       0x6c C:/ST/STM32CubeIDE_1.13.1/STM32CubeIDE/plugins/com.st.stm32cube.ide.mcu.externaltools.gnu-tools-for-stm32.11.3.rel1.win32_1.1.100.202309141235/tools/bin/../lib/gcc/arm-none-eabi/11.3.1/../../../../arm-none-eabi/lib/thumb/v7e-m+fp/hard\libc_nano.a(libc_a-findfp.o)
 .text.stdio_exit_handler
                0x0000000008002a60       0x18 C:/ST/STM32CubeIDE_1.13.1/STM32CubeIDE/plugins/com.st.stm32cube.ide.mcu.externaltools.gnu-tools-for-stm32.11.3.rel1.win32_1.1.100.202309141235/tools/bin/../lib/gcc/arm-none-eabi/11.3.1/../../../../arm-none-eabi/lib/thumb/v7e-m+fp/hard\libc_nano.a(libc_a-findfp.o)
 .text.cleanup_stdio
                0x0000000008002a78       0x40 C:/ST/STM32CubeIDE_1.13.1/STM32CubeIDE/plugins/com.st.stm32cube.ide.mcu.externaltools.gnu-tools-for-stm32.11.3.rel1.win32_1.1.100.202309141235/tools/bin/../lib/gcc/arm-none-eabi/11.3.1/../../../../arm-none-eabi/lib/thumb/v7e-m+fp/hard\libc_nano.a(libc_a-findfp.o)
 .text.global_stdio_init.part.0
                0x0000000008002ab8       0x3c C:/ST/STM32CubeIDE_1.13.1/STM32CubeIDE/plugins/com.st.stm32cube.ide.mcu.externaltools.gnu-tools-for-stm32.11.3.rel1.win32_1.1.100.202309141235/tools/bin/../lib/gcc/arm-none-eabi/11.3.1/../../../../arm-none-eabi/lib/thumb/v7e-m+fp/hard\libc_nano.a(libc_a-findfp.o)
 .text.__sfp_lock_acquire
                0x0000000008002af4        0xc C:/ST/STM32CubeIDE_1.13.1/STM32CubeIDE/plugins/com.st.stm32cube.ide.mcu.externaltools.gnu-tools-for-stm32.11.3.rel1.win32_1.1.100.202309141235/tools/bin/../lib/gcc/arm-none-eabi/11.3.1/../../../../arm-none-eabi/lib/thumb/v7e-m+fp/hard\libc_nano.a(libc_a-findfp.o)
                0x0000000008002af4                __sfp_lock_acquire
 .text.__sfp_lock_release
                0x0000000008002b00        0xc C:/ST/STM32CubeIDE_1.13.1/STM32CubeIDE/plugins/com.st.stm32cube.ide.mcu.externaltools.gnu-tools-for-stm32.11.3.rel1.win32_1.1.100.202309141235/tools/bin/../lib/gcc/arm-none-eabi/11.3.1/../../../../arm-none-eabi/lib/thumb/v7e-m+fp/hard\libc_nano.a(libc_a-findfp.o)
                0x0000000008002b00                __sfp_lock_release
 .text.__sinit  0x0000000008002b0c       0x30 C:/ST/STM32CubeIDE_1.13.1/STM32CubeIDE/plugins/com.st.stm32cube.ide.mcu.externaltools.gnu-tools-for-stm32.11.3.rel1.win32_1.1.100.202309141235/tools/bin/../lib/gcc/arm-none-eabi/11.3.1/../../../../arm-none-eabi/lib/thumb/v7e-m+fp/hard\libc_nano.a(libc_a-findfp.o)
                0x0000000008002b0c                __sinit
 .text._fwalk_sglue
                0x0000000008002b3c       0x3c C:/ST/STM32CubeIDE_1.13.1/STM32CubeIDE/plugins/com.st.stm32cube.ide.mcu.externaltools.gnu-tools-for-stm32.11.3.rel1.win32_1.1.100.202309141235/tools/bin/../lib/gcc/arm-none-eabi/11.3.1/../../../../arm-none-eabi/lib/thumb/v7e-m+fp/hard\libc_nano.a(libc_a-fwalk.o)
                0x0000000008002b3c                _fwalk_sglue
 .text.printf   0x0000000008002b78       0x24 C:/ST/STM32CubeIDE_1.13.1/STM32CubeIDE/plugins/com.st.stm32cube.ide.mcu.externaltools.gnu-tools-for-stm32.11.3.rel1.win32_1.1.100.202309141235/tools/bin/../lib/gcc/arm-none-eabi/11.3.1/../../../../arm-none-eabi/lib/thumb/v7e-m+fp/hard\libc_nano.a(libc_a-printf.o)
                0x0000000008002b78                iprintf
                0x0000000008002b78                printf
 .text.__sread  0x0000000008002b9c       0x22 C:/ST/STM32CubeIDE_1.13.1/STM32CubeIDE/plugins/com.st.stm32cube.ide.mcu.externaltools.gnu-tools-for-stm32.11.3.rel1.win32_1.1.100.202309141235/tools/bin/../lib/gcc/arm-none-eabi/11.3.1/../../../../arm-none-eabi/lib/thumb/v7e-m+fp/hard\libc_nano.a(libc_a-stdio.o)
                0x0000000008002b9c                __sread
 .text.__swrite
                0x0000000008002bbe       0x38 C:/ST/STM32CubeIDE_1.13.1/STM32CubeIDE/plugins/com.st.stm32cube.ide.mcu.externaltools.gnu-tools-for-stm32.11.3.rel1.win32_1.1.100.202309141235/tools/bin/../lib/gcc/arm-none-eabi/11.3.1/../../../../arm-none-eabi/lib/thumb/v7e-m+fp/hard\libc_nano.a(libc_a-stdio.o)
                0x0000000008002bbe                __swrite
 .text.__sseek  0x0000000008002bf6       0x24 C:/ST/STM32CubeIDE_1.13.1/STM32CubeIDE/plugins/com.st.stm32cube.ide.mcu.externaltools.gnu-tools-for-stm32.11.3.rel1.win32_1.1.100.202309141235/tools/bin/../lib/gcc/arm-none-eabi/11.3.1/../../../../arm-none-eabi/lib/thumb/v7e-m+fp/hard\libc_nano.a(libc_a-stdio.o)
                0x0000000008002bf6                __sseek
 .text.__sclose
                0x0000000008002c1a        0x8 C:/ST/STM32CubeIDE_1.13.1/STM32CubeIDE/plugins/com.st.stm32cube.ide.mcu.externaltools.gnu-tools-for-stm32.11.3.rel1.win32_1.1.100.202309141235/tools/bin/../lib/gcc/arm-none-eabi/11.3.1/../../../../arm-none-eabi/lib/thumb/v7e-m+fp/hard\libc_nano.a(libc_a-stdio.o)
                0x0000000008002c1a                __sclose
 .text.memset   0x0000000008002c22       0x10 C:/ST/STM32CubeIDE_1.13.1/STM32CubeIDE/plugins/com.st.stm32cube.ide.mcu.externaltools.gnu-tools-for-stm32.11.3.rel1.win32_1.1.100.202309141235/tools/bin/../lib/gcc/arm-none-eabi/11.3.1/../../../../arm-none-eabi/lib/thumb/v7e-m+fp/hard\libc_nano.a(libc_a-memset.o)
                0x0000000008002c22                memset
 *fill*         0x0000000008002c32        0x2 
 .text._close_r
                0x0000000008002c34       0x20 C:/ST/STM32CubeIDE_1.13.1/STM32CubeIDE/plugins/com.st.stm32cube.ide.mcu.externaltools.gnu-tools-for-stm32.11.3.rel1.win32_1.1.100.202309141235/tools/bin/../lib/gcc/arm-none-eabi/11.3.1/../../../../arm-none-eabi/lib/thumb/v7e-m+fp/hard\libc_nano.a(libc_a-closer.o)
                0x0000000008002c34                _close_r
 .text._lseek_r
                0x0000000008002c54       0x24 C:/ST/STM32CubeIDE_1.13.1/STM32CubeIDE/plugins/com.st.stm32cube.ide.mcu.externaltools.gnu-tools-for-stm32.11.3.rel1.win32_1.1.100.202309141235/tools/bin/../lib/gcc/arm-none-eabi/11.3.1/../../../../arm-none-eabi/lib/thumb/v7e-m+fp/hard\libc_nano.a(libc_a-lseekr.o)
                0x0000000008002c54                _lseek_r
 .text._read_r  0x0000000008002c78       0x24 C:/ST/STM32CubeIDE_1.13.1/STM32CubeIDE/plugins/com.st.stm32cube.ide.mcu.externaltools.gnu-tools-for-stm32.11.3.rel1.win32_1.1.100.202309141235/tools/bin/../lib/gcc/arm-none-eabi/11.3.1/../../../../arm-none-eabi/lib/thumb/v7e-m+fp/hard\libc_nano.a(libc_a-readr.o)
                0x0000000008002c78                _read_r
 .text._write_r
                0x0000000008002c9c       0x24 C:/ST/STM32CubeIDE_1.13.1/STM32CubeIDE/plugins/com.st.stm32cube.ide.mcu.externaltools.gnu-tools-for-stm32.11.3.rel1.win32_1.1.100.202309141235/tools/bin/../lib/gcc/arm-none-eabi/11.3.1/../../../../arm-none-eabi/lib/thumb/v7e-m+fp/hard\libc_nano.a(libc_a-writer.o)
                0x0000000008002c9c                _write_r
 .text.__errno  0x0000000008002cc0        0xc C:/ST/STM32CubeIDE_1.13.1/STM32CubeIDE/plugins/com.st.stm32cube.ide.mcu.externaltools.gnu-tools-for-stm32.11.3.rel1.win32_1.1.100.202309141235/tools/bin/../lib/gcc/arm-none-eabi/11.3.1/../../../../arm-none-eabi/lib/thumb/v7e-m+fp/hard\libc_nano.a(libc_a-errno.o)
                0x0000000008002cc0                __errno
 .text.__libc_init_array
                0x0000000008002ccc       0x48 C:/ST/STM32CubeIDE_1.13.1/STM32CubeIDE/plugins/com.st.stm32cube.ide.mcu.externaltools.gnu-tools-for-stm32.11.3.rel1.win32_1.1.100.202309141235/tools/bin/../lib/gcc/arm-none-eabi/11.3.1/../../../../arm-none-eabi/lib/thumb/v7e-m+fp/hard\libc_nano.a(libc_a-init.o)
                0x0000000008002ccc                __libc_init_array
 .text.__retarget_lock_init_recursive
                0x0000000008002d14        0x2 C:/ST/STM32CubeIDE_1.13.1/STM32CubeIDE/plugins/com.st.stm32cube.ide.mcu.externaltools.gnu-tools-for-stm32.11.3.rel1.win32_1.1.100.202309141235/tools/bin/../lib/gcc/arm-none-eabi/11.3.1/../../../../arm-none-eabi/lib/thumb/v7e-m+fp/hard\libc_nano.a(libc_a-lock.o)
                0x0000000008002d14                __retarget_lock_init_recursive
 .text.__retarget_lock_acquire_recursive
                0x0000000008002d16        0x2 C:/ST/STM32CubeIDE_1.13.1/STM32CubeIDE/plugins/com.st.stm32cube.ide.mcu.externaltools.gnu-tools-for-stm32.11.3.rel1.win32_1.1.100.202309141235/tools/bin/../lib/gcc/arm-none-eabi/11.3.1/../../../../arm-none-eabi/lib/thumb/v7e-m+fp/hard\libc_nano.a(libc_a-lock.o)
                0x0000000008002d16                __retarget_lock_acquire_recursive
 .text.__retarget_lock_release_recursive
                0x0000000008002d18        0x2 C:/ST/STM32CubeIDE_1.13.1/STM32CubeIDE/plugins/com.st.stm32cube.ide.mcu.externaltools.gnu-tools-for-stm32.11.3.rel1.win32_1.1.100.202309141235/tools/bin/../lib/gcc/arm-none-eabi/11.3.1/../../../../arm-none-eabi/lib/thumb/v7e-m+fp/hard\libc_nano.a(libc_a-lock.o)
                0x0000000008002d18                __retarget_lock_release_recursive
 *fill*         0x0000000008002d1a        0x2 
 .text._free_r  0x0000000008002d1c       0x98 C:/ST/STM32CubeIDE_1.13.1/STM32CubeIDE/plugins/com.st.stm32cube.ide.mcu.externaltools.gnu-tools-for-stm32.11.3.rel1.win32_1.1.100.202309141235/tools/bin/../lib/gcc/arm-none-eabi/11.3.1/../../../../arm-none-eabi/lib/thumb/v7e-m+fp/hard\libc_nano.a(libc_a-freer.o)
                0x0000000008002d1c                _free_r
 .text.sbrk_aligned
                0x0000000008002db4       0x40 C:/ST/STM32CubeIDE_1.13.1/STM32CubeIDE/plugins/com.st.stm32cube.ide.mcu.externaltools.gnu-tools-for-stm32.11.3.rel1.win32_1.1.100.202309141235/tools/bin/../lib/gcc/arm-none-eabi/11.3.1/../../../../arm-none-eabi/lib/thumb/v7e-m+fp/hard\libc_nano.a(libc_a-mallocr.o)
 .text._malloc_r
                0x0000000008002df4      0x100 C:/ST/STM32CubeIDE_1.13.1/STM32CubeIDE/plugins/com.st.stm32cube.ide.mcu.externaltools.gnu-tools-for-stm32.11.3.rel1.win32_1.1.100.202309141235/tools/bin/../lib/gcc/arm-none-eabi/11.3.1/../../../../arm-none-eabi/lib/thumb/v7e-m+fp/hard\libc_nano.a(libc_a-mallocr.o)
                0x0000000008002df4                _malloc_r
 .text.__malloc_lock
                0x0000000008002ef4        0xc C:/ST/STM32CubeIDE_1.13.1/STM32CubeIDE/plugins/com.st.stm32cube.ide.mcu.externaltools.gnu-tools-for-stm32.11.3.rel1.win32_1.1.100.202309141235/tools/bin/../lib/gcc/arm-none-eabi/11.3.1/../../../../arm-none-eabi/lib/thumb/v7e-m+fp/hard\libc_nano.a(libc_a-mlock.o)
                0x0000000008002ef4                __malloc_lock
 .text.__malloc_unlock
                0x0000000008002f00        0xc C:/ST/STM32CubeIDE_1.13.1/STM32CubeIDE/plugins/com.st.stm32cube.ide.mcu.externaltools.gnu-tools-for-stm32.11.3.rel1.win32_1.1.100.202309141235/tools/bin/../lib/gcc/arm-none-eabi/11.3.1/../../../../arm-none-eabi/lib/thumb/v7e-m+fp/hard\libc_nano.a(libc_a-mlock.o)
                0x0000000008002f00                __malloc_unlock
 .text.__sfputc_r
                0x0000000008002f0c       0x2e C:/ST/STM32CubeIDE_1.13.1/STM32CubeIDE/plugins/com.st.stm32cube.ide.mcu.externaltools.gnu-tools-for-stm32.11.3.rel1.win32_1.1.100.202309141235/tools/bin/../lib/gcc/arm-none-eabi/11.3.1/../../../../arm-none-eabi/lib/thumb/v7e-m+fp/hard\libc_nano.a(libc_a-nano-vfprintf.o)
 .text.__sfputs_r
                0x0000000008002f3a       0x24 C:/ST/STM32CubeIDE_1.13.1/STM32CubeIDE/plugins/com.st.stm32cube.ide.mcu.externaltools.gnu-tools-for-stm32.11.3.rel1.win32_1.1.100.202309141235/tools/bin/../lib/gcc/arm-none-eabi/11.3.1/../../../../arm-none-eabi/lib/thumb/v7e-m+fp/hard\libc_nano.a(libc_a-nano-vfprintf.o)
                0x0000000008002f3a                __sfputs_r
 *fill*         0x0000000008002f5e        0x2 
 .text._vfprintf_r
                0x0000000008002f60      0x234 C:/ST/STM32CubeIDE_1.13.1/STM32CubeIDE/plugins/com.st.stm32cube.ide.mcu.externaltools.gnu-tools-for-stm32.11.3.rel1.win32_1.1.100.202309141235/tools/bin/../lib/gcc/arm-none-eabi/11.3.1/../../../../arm-none-eabi/lib/thumb/v7e-m+fp/hard\libc_nano.a(libc_a-nano-vfprintf.o)
                0x0000000008002f60                _vfprintf_r
                0x0000000008002f60                _vfiprintf_r
 .text._printf_common
                0x0000000008003194       0xda C:/ST/STM32CubeIDE_1.13.1/STM32CubeIDE/plugins/com.st.stm32cube.ide.mcu.externaltools.gnu-tools-for-stm32.11.3.rel1.win32_1.1.100.202309141235/tools/bin/../lib/gcc/arm-none-eabi/11.3.1/../../../../arm-none-eabi/lib/thumb/v7e-m+fp/hard\libc_nano.a(libc_a-nano-vfprintf_i.o)
                0x0000000008003194                _printf_common
 *fill*         0x000000000800326e        0x2 
 .text._printf_i
                0x0000000008003270      0x244 C:/ST/STM32CubeIDE_1.13.1/STM32CubeIDE/plugins/com.st.stm32cube.ide.mcu.externaltools.gnu-tools-for-stm32.11.3.rel1.win32_1.1.100.202309141235/tools/bin/../lib/gcc/arm-none-eabi/11.3.1/../../../../arm-none-eabi/lib/thumb/v7e-m+fp/hard\libc_nano.a(libc_a-nano-vfprintf_i.o)
                0x0000000008003270                _printf_i
 .text.__sflush_r
                0x00000000080034b4      0x10c C:/ST/STM32CubeIDE_1.13.1/STM32CubeIDE/plugins/com.st.stm32cube.ide.mcu.externaltools.gnu-tools-for-stm32.11.3.rel1.win32_1.1.100.202309141235/tools/bin/../lib/gcc/arm-none-eabi/11.3.1/../../../../arm-none-eabi/lib/thumb/v7e-m+fp/hard\libc_nano.a(libc_a-fflush.o)
                0x00000000080034b4                __sflush_r
 .text._fflush_r
                0x00000000080035c0       0x50 C:/ST/STM32CubeIDE_1.13.1/STM32CubeIDE/plugins/com.st.stm32cube.ide.mcu.externaltools.gnu-tools-for-stm32.11.3.rel1.win32_1.1.100.202309141235/tools/bin/../lib/gcc/arm-none-eabi/11.3.1/../../../../arm-none-eabi/lib/thumb/v7e-m+fp/hard\libc_nano.a(libc_a-fflush.o)
                0x00000000080035c0                _fflush_r
 .text.__swbuf_r
                0x0000000008003610       0x7a C:/ST/STM32CubeIDE_1.13.1/STM32CubeIDE/plugins/com.st.stm32cube.ide.mcu.externaltools.gnu-tools-for-stm32.11.3.rel1.win32_1.1.100.202309141235/tools/bin/../lib/gcc/arm-none-eabi/11.3.1/../../../../arm-none-eabi/lib/thumb/v7e-m+fp/hard\libc_nano.a(libc_a-wbuf.o)
                0x0000000008003610                __swbuf_r
 *fill*         0x000000000800368a        0x2 
 .text.__swsetup_r
                0x000000000800368c       0xb0 C:/ST/STM32CubeIDE_1.13.1/STM32CubeIDE/plugins/com.st.stm32cube.ide.mcu.externaltools.gnu-tools-for-stm32.11.3.rel1.win32_1.1.100.202309141235/tools/bin/../lib/gcc/arm-none-eabi/11.3.1/../../../../arm-none-eabi/lib/thumb/v7e-m+fp/hard\libc_nano.a(libc_a-wsetup.o)
                0x000000000800368c                __swsetup_r
 .text._sbrk_r  0x000000000800373c       0x20 C:/ST/STM32CubeIDE_1.13.1/STM32CubeIDE/plugins/com.st.stm32cube.ide.mcu.externaltools.gnu-tools-for-stm32.11.3.rel1.win32_1.1.100.202309141235/tools/bin/../lib/gcc/arm-none-eabi/11.3.1/../../../../arm-none-eabi/lib/thumb/v7e-m+fp/hard\libc_nano.a(libc_a-sbrkr.o)
                0x000000000800373c                _sbrk_r
 .text.__swhatbuf_r
                0x000000000800375c       0x4c C:/ST/STM32CubeIDE_1.13.1/STM32CubeIDE/plugins/com.st.stm32cube.ide.mcu.externaltools.gnu-tools-for-stm32.11.3.rel1.win32_1.1.100.202309141235/tools/bin/../lib/gcc/arm-none-eabi/11.3.1/../../../../arm-none-eabi/lib/thumb/v7e-m+fp/hard\libc_nano.a(libc_a-makebuf.o)
                0x000000000800375c                __swhatbuf_r
 .text.__smakebuf_r
                0x00000000080037a8       0x78 C:/ST/STM32CubeIDE_1.13.1/STM32CubeIDE/plugins/com.st.stm32cube.ide.mcu.externaltools.gnu-tools-for-stm32.11.3.rel1.win32_1.1.100.202309141235/tools/bin/../lib/gcc/arm-none-eabi/11.3.1/../../../../arm-none-eabi/lib/thumb/v7e-m+fp/hard\libc_nano.a(libc_a-makebuf.o)
                0x00000000080037a8                __smakebuf_r
 .text._fstat_r
                0x0000000008003820       0x24 C:/ST/STM32CubeIDE_1.13.1/STM32CubeIDE/plugins/com.st.stm32cube.ide.mcu.externaltools.gnu-tools-for-stm32.11.3.rel1.win32_1.1.100.202309141235/tools/bin/../lib/gcc/arm-none-eabi/11.3.1/../../../../arm-none-eabi/lib/thumb/v7e-m+fp/hard\libc_nano.a(libc_a-fstatr.o)
                0x0000000008003820                _fstat_r
 .text._isatty_r
                0x0000000008003844       0x20 C:/ST/STM32CubeIDE_1.13.1/STM32CubeIDE/plugins/com.st.stm32cube.ide.mcu.externaltools.gnu-tools-for-stm32.11.3.rel1.win32_1.1.100.202309141235/tools/bin/../lib/gcc/arm-none-eabi/11.3.1/../../../../arm-none-eabi/lib/thumb/v7e-m+fp/hard\libc_nano.a(libc_a-isattyr.o)
                0x0000000008003844                _isatty_r
 *(.glue_7)
 .glue_7        0x0000000008003864        0x0 linker stubs
 *(.glue_7t)
 .glue_7t       0x0000000008003864        0x0 linker stubs
 *(.eh_frame)
 .eh_frame      0x0000000008003864        0x0 C:/ST/STM32CubeIDE_1.13.1/STM32CubeIDE/plugins/com.st.stm32cube.ide.mcu.externaltools.gnu-tools-for-stm32.11.3.rel1.win32_1.1.100.202309141235/tools/bin/../lib/gcc/arm-none-eabi/11.3.1/thumb/v7e-m+fp/hard/crtbegin.o
 *(.init)
 .init          0x0000000008003864        0x4 C:/ST/STM32CubeIDE_1.13.1/STM32CubeIDE/plugins/com.st.stm32cube.ide.mcu.externaltools.gnu-tools-for-stm32.11.3.rel1.win32_1.1.100.202309141235/tools/bin/../lib/gcc/arm-none-eabi/11.3.1/thumb/v7e-m+fp/hard/crti.o
                0x0000000008003864                _init
 .init          0x0000000008003868        0x8 C:/ST/STM32CubeIDE_1.13.1/STM32CubeIDE/plugins/com.st.stm32cube.ide.mcu.externaltools.gnu-tools-for-stm32.11.3.rel1.win32_1.1.100.202309141235/tools/bin/../lib/gcc/arm-none-eabi/11.3.1/thumb/v7e-m+fp/hard/crtn.o
 *(.fini)
 .fini          0x0000000008003870        0x4 C:/ST/STM32CubeIDE_1.13.1/STM32CubeIDE/plugins/com.st.stm32cube.ide.mcu.externaltools.gnu-tools-for-stm32.11.3.rel1.win32_1.1.100.202309141235/tools/bin/../lib/gcc/arm-none-eabi/11.3.1/thumb/v7e-m+fp/hard/crti.o
                0x0000000008003870                _fini
 .fini          0x0000000008003874        0x8 C:/ST/STM32CubeIDE_1.13.1/STM32CubeIDE/plugins/com.st.stm32cube.ide.mcu.externaltools.gnu-tools-for-stm32.11.3.rel1.win32_1.1.100.202309141235/tools/bin/../lib/gcc/arm-none-eabi/11.3.1/thumb/v7e-m+fp/hard/crtn.o
                0x000000000800387c                . = ALIGN (0x4)
                0x000000000800387c                _etext = .

.vfp11_veneer   0x000000000800387c        0x0
 .vfp11_veneer  0x000000000800387c        0x0 linker stubs

.v4_bx          0x000000000800387c        0x0
 .v4_bx         0x000000000800387c        0x0 linker stubs

.iplt           0x000000000800387c        0x0
 .iplt          0x000000000800387c        0x0 C:/ST/STM32CubeIDE_1.13.1/STM32CubeIDE/plugins/com.st.stm32cube.ide.mcu.externaltools.gnu-tools-for-stm32.11.3.rel1.win32_1.1.100.202309141235/tools/bin/../lib/gcc/arm-none-eabi/11.3.1/thumb/v7e-m+fp/hard/crtbegin.o

.rodata         0x000000000800387c      0x1c4
                0x000000000800387c                . = ALIGN (0x4)
 *(.rodata)
 .rodata        0x000000000800387c       0x98 ./Src/main.o
 *(.rodata*)
 .rodata.OVRegisters
                0x0000000008003914       0xf6 ./Src/main.o
                0x0000000008003914                OVRegisters
 .rodata._vfprintf_r.str1.1
                0x0000000008003a0a       0x11 C:/ST/STM32CubeIDE_1.13.1/STM32CubeIDE/plugins/com.st.stm32cube.ide.mcu.externaltools.gnu-tools-for-stm32.11.3.rel1.win32_1.1.100.202309141235/tools/bin/../lib/gcc/arm-none-eabi/11.3.1/../../../../arm-none-eabi/lib/thumb/v7e-m+fp/hard\libc_nano.a(libc_a-nano-vfprintf.o)
 .rodata._printf_i.str1.1
                0x0000000008003a1b       0x22 C:/ST/STM32CubeIDE_1.13.1/STM32CubeIDE/plugins/com.st.stm32cube.ide.mcu.externaltools.gnu-tools-for-stm32.11.3.rel1.win32_1.1.100.202309141235/tools/bin/../lib/gcc/arm-none-eabi/11.3.1/../../../../arm-none-eabi/lib/thumb/v7e-m+fp/hard\libc_nano.a(libc_a-nano-vfprintf_i.o)
                0x0000000008003a40                . = ALIGN (0x4)
 *fill*         0x0000000008003a3d        0x3 

.ARM.extab      0x0000000008003a40        0x0
                0x0000000008003a40                . = ALIGN (0x4)
 *(.ARM.extab* .gnu.linkonce.armextab.*)
                0x0000000008003a40                . = ALIGN (0x4)

.ARM            0x0000000008003a40        0x8
                0x0000000008003a40                . = ALIGN (0x4)
                0x0000000008003a40                __exidx_start = .
 *(.ARM.exidx*)
 .ARM.exidx     0x0000000008003a40        0x8 C:/ST/STM32CubeIDE_1.13.1/STM32CubeIDE/plugins/com.st.stm32cube.ide.mcu.externaltools.gnu-tools-for-stm32.11.3.rel1.win32_1.1.100.202309141235/tools/bin/../lib/gcc/arm-none-eabi/11.3.1/thumb/v7e-m+fp/hard\libgcc.a(_udivmoddi4.o)
                0x0000000008003a48                __exidx_end = .
                0x0000000008003a48                . = ALIGN (0x4)

.rel.dyn        0x0000000008003a48        0x0
 .rel.iplt      0x0000000008003a48        0x0 C:/ST/STM32CubeIDE_1.13.1/STM32CubeIDE/plugins/com.st.stm32cube.ide.mcu.externaltools.gnu-tools-for-stm32.11.3.rel1.win32_1.1.100.202309141235/tools/bin/../lib/gcc/arm-none-eabi/11.3.1/thumb/v7e-m+fp/hard/crtbegin.o

.preinit_array  0x0000000008003a48        0x0
                0x0000000008003a48                . = ALIGN (0x4)
                0x0000000008003a48                PROVIDE (__preinit_array_start = .)
 *(.preinit_array*)
                0x0000000008003a48                PROVIDE (__preinit_array_end = .)
                0x0000000008003a48                . = ALIGN (0x4)

.init_array     0x0000000008003a48        0x4
                0x0000000008003a48                . = ALIGN (0x4)
                0x0000000008003a48                PROVIDE (__init_array_start = .)
 *(SORT_BY_NAME(.init_array.*))
 *(.init_array*)
 .init_array    0x0000000008003a48        0x4 C:/ST/STM32CubeIDE_1.13.1/STM32CubeIDE/plugins/com.st.stm32cube.ide.mcu.externaltools.gnu-tools-for-stm32.11.3.rel1.win32_1.1.100.202309141235/tools/bin/../lib/gcc/arm-none-eabi/11.3.1/thumb/v7e-m+fp/hard/crtbegin.o
                0x0000000008003a4c                PROVIDE (__init_array_end = .)
                0x0000000008003a4c                . = ALIGN (0x4)

.fini_array     0x0000000008003a4c        0x4
                0x0000000008003a4c                . = ALIGN (0x4)
                [!provide]                        PROVIDE (__fini_array_start = .)
 *(SORT_BY_NAME(.fini_array.*))
 *(.fini_array*)
 .fini_array    0x0000000008003a4c        0x4 C:/ST/STM32CubeIDE_1.13.1/STM32CubeIDE/plugins/com.st.stm32cube.ide.mcu.externaltools.gnu-tools-for-stm32.11.3.rel1.win32_1.1.100.202309141235/tools/bin/../lib/gcc/arm-none-eabi/11.3.1/thumb/v7e-m+fp/hard/crtbegin.o
                [!provide]                        PROVIDE (__fini_array_end = .)
                0x0000000008003a50                . = ALIGN (0x4)
                0x0000000008003a50                _sidata = LOADADDR (.data)

.data           0x0000000010000000       0x74 load address 0x0000000008003a50
                0x0000000010000000                . = ALIGN (0x4)
                0x0000000010000000                _sdata = .
 *(.data)
 *(.data*)
 .data.APBAHBPrescTable
                0x0000000010000000       0x10 ./Inc/stm32f4xx_rcc.o
 .data.startchar
                0x0000000010000010        0x1 ./Src/main.o
 .data.Histogram_DIS
                0x0000000010000011        0x1 ./Src/main.o
 *fill*         0x0000000010000012        0x2 
 .data.GSLength
                0x0000000010000014        0x4 ./Src/main.o
 .data.__sglue  0x0000000010000018        0xc C:/ST/STM32CubeIDE_1.13.1/STM32CubeIDE/plugins/com.st.stm32cube.ide.mcu.externaltools.gnu-tools-for-stm32.11.3.rel1.win32_1.1.100.202309141235/tools/bin/../lib/gcc/arm-none-eabi/11.3.1/../../../../arm-none-eabi/lib/thumb/v7e-m+fp/hard\libc_nano.a(libc_a-findfp.o)
                0x0000000010000018                __sglue
 .data._impure_data
                0x0000000010000024       0x4c C:/ST/STM32CubeIDE_1.13.1/STM32CubeIDE/plugins/com.st.stm32cube.ide.mcu.externaltools.gnu-tools-for-stm32.11.3.rel1.win32_1.1.100.202309141235/tools/bin/../lib/gcc/arm-none-eabi/11.3.1/../../../../arm-none-eabi/lib/thumb/v7e-m+fp/hard\libc_nano.a(libc_a-impure.o)
                0x0000000010000024                _impure_data
 .data._impure_ptr
                0x0000000010000070        0x4 C:/ST/STM32CubeIDE_1.13.1/STM32CubeIDE/plugins/com.st.stm32cube.ide.mcu.externaltools.gnu-tools-for-stm32.11.3.rel1.win32_1.1.100.202309141235/tools/bin/../lib/gcc/arm-none-eabi/11.3.1/../../../../arm-none-eabi/lib/thumb/v7e-m+fp/hard\libc_nano.a(libc_a-impure.o)
                0x0000000010000070                _impure_ptr
 *(.RamFunc)
 *(.RamFunc*)
                0x0000000010000074                . = ALIGN (0x4)
                0x0000000010000074                _edata = .
                0x0000000008003ac4                _siccmram = LOADADDR (.ccmram)

.igot.plt       0x0000000010000074        0x0 load address 0x0000000008003ac4
 .igot.plt      0x0000000010000074        0x0 C:/ST/STM32CubeIDE_1.13.1/STM32CubeIDE/plugins/com.st.stm32cube.ide.mcu.externaltools.gnu-tools-for-stm32.11.3.rel1.win32_1.1.100.202309141235/tools/bin/../lib/gcc/arm-none-eabi/11.3.1/thumb/v7e-m+fp/hard/crtbegin.o

.ccmram         0x0000000010000074        0x0 load address 0x0000000008003ac4
                0x0000000010000074                . = ALIGN (0x4)
                0x0000000010000074                _sccmram = .
 *(.ccmram)
 *(.ccmram*)
                0x0000000010000074                . = ALIGN (0x4)
                0x0000000010000074                _eccmram = .
                0x0000000010000074                . = ALIGN (0x4)

.bss            0x0000000020000000    0x16da4
                0x0000000020000000                _sbss = .
                0x0000000020000000                __bss_start__ = _sbss
 *(.bss)
 .bss           0x0000000020000000       0x1c C:/ST/STM32CubeIDE_1.13.1/STM32CubeIDE/plugins/com.st.stm32cube.ide.mcu.externaltools.gnu-tools-for-stm32.11.3.rel1.win32_1.1.100.202309141235/tools/bin/../lib/gcc/arm-none-eabi/11.3.1/thumb/v7e-m+fp/hard/crtbegin.o
 *(.bss*)
 .bss.frame_flag
                0x000000002000001c        0x1 ./Src/main.o
 .bss.sendLine_flag
                0x000000002000001d        0x1 ./Src/main.o
 .bss.BrightSpotD
                0x000000002000001e        0x1 ./Src/main.o
 .bss.CompHis   0x000000002000001f        0x1 ./Src/main.o
 .bss.SobelEdge
                0x0000000020000020        0x1 ./Src/main.o
 .bss.SobelT    0x0000000020000021        0x1 ./Src/main.o
 *fill*         0x0000000020000022        0x2 
 .bss.frame_buffer
                0x0000000020000024     0xb400 ./Src/main.o
 .bss.PixelCounter
                0x000000002000b424      0x200 ./Src/main.o
 .bss.EdgePixelCounter
                0x000000002000b624      0x200 ./Src/main.o
 .bss.buffer_2D
                0x000000002000b824     0x5a00 ./Src/main.o
 .bss.SobelM    0x0000000020011224     0x5a00 ./Src/main.o
 .bss.temp      0x0000000020016c24        0x1 ./Src/main.o
 *fill*         0x0000000020016c25        0x3 
 .bss.Sum       0x0000000020016c28        0x4 ./Src/main.o
 .bss.Mean      0x0000000020016c2c        0x4 ./Src/main.o
 .bss.StdDev1   0x0000000020016c30        0x8 ./Src/main.o
 .bss.StdDev2   0x0000000020016c38        0x8 ./Src/main.o
 .bss.StdDevInt
                0x0000000020016c40        0x4 ./Src/main.o
 *fill*         0x0000000020016c44        0x4 
 .bss.SumSquaredDiffs
                0x0000000020016c48        0x8 ./Src/main.o
 .bss.threshold
                0x0000000020016c50        0x4 ./Src/main.o
 .bss.__sbrk_heap_end
                0x0000000020016c54        0x4 ./Src/sysmem.o
 .bss.__sf      0x0000000020016c58      0x138 C:/ST/STM32CubeIDE_1.13.1/STM32CubeIDE/plugins/com.st.stm32cube.ide.mcu.externaltools.gnu-tools-for-stm32.11.3.rel1.win32_1.1.100.202309141235/tools/bin/../lib/gcc/arm-none-eabi/11.3.1/../../../../arm-none-eabi/lib/thumb/v7e-m+fp/hard\libc_nano.a(libc_a-findfp.o)
                0x0000000020016c58                __sf
 .bss.__stdio_exit_handler
                0x0000000020016d90        0x4 C:/ST/STM32CubeIDE_1.13.1/STM32CubeIDE/plugins/com.st.stm32cube.ide.mcu.externaltools.gnu-tools-for-stm32.11.3.rel1.win32_1.1.100.202309141235/tools/bin/../lib/gcc/arm-none-eabi/11.3.1/../../../../arm-none-eabi/lib/thumb/v7e-m+fp/hard\libc_nano.a(libc_a-findfp.o)
                0x0000000020016d90                __stdio_exit_handler
 .bss.errno     0x0000000020016d94        0x4 C:/ST/STM32CubeIDE_1.13.1/STM32CubeIDE/plugins/com.st.stm32cube.ide.mcu.externaltools.gnu-tools-for-stm32.11.3.rel1.win32_1.1.100.202309141235/tools/bin/../lib/gcc/arm-none-eabi/11.3.1/../../../../arm-none-eabi/lib/thumb/v7e-m+fp/hard\libc_nano.a(libc_a-reent.o)
                0x0000000020016d94                errno
 .bss.__lock___malloc_recursive_mutex
                0x0000000020016d98        0x1 C:/ST/STM32CubeIDE_1.13.1/STM32CubeIDE/plugins/com.st.stm32cube.ide.mcu.externaltools.gnu-tools-for-stm32.11.3.rel1.win32_1.1.100.202309141235/tools/bin/../lib/gcc/arm-none-eabi/11.3.1/../../../../arm-none-eabi/lib/thumb/v7e-m+fp/hard\libc_nano.a(libc_a-lock.o)
                0x0000000020016d98                __lock___malloc_recursive_mutex
 .bss.__lock___sfp_recursive_mutex
                0x0000000020016d99        0x1 C:/ST/STM32CubeIDE_1.13.1/STM32CubeIDE/plugins/com.st.stm32cube.ide.mcu.externaltools.gnu-tools-for-stm32.11.3.rel1.win32_1.1.100.202309141235/tools/bin/../lib/gcc/arm-none-eabi/11.3.1/../../../../arm-none-eabi/lib/thumb/v7e-m+fp/hard\libc_nano.a(libc_a-lock.o)
                0x0000000020016d99                __lock___sfp_recursive_mutex
 *fill*         0x0000000020016d9a        0x2 
 .bss.__malloc_free_list
                0x0000000020016d9c        0x4 C:/ST/STM32CubeIDE_1.13.1/STM32CubeIDE/plugins/com.st.stm32cube.ide.mcu.externaltools.gnu-tools-for-stm32.11.3.rel1.win32_1.1.100.202309141235/tools/bin/../lib/gcc/arm-none-eabi/11.3.1/../../../../arm-none-eabi/lib/thumb/v7e-m+fp/hard\libc_nano.a(libc_a-mallocr.o)
                0x0000000020016d9c                __malloc_free_list
 .bss.__malloc_sbrk_start
                0x0000000020016da0        0x4 C:/ST/STM32CubeIDE_1.13.1/STM32CubeIDE/plugins/com.st.stm32cube.ide.mcu.externaltools.gnu-tools-for-stm32.11.3.rel1.win32_1.1.100.202309141235/tools/bin/../lib/gcc/arm-none-eabi/11.3.1/../../../../arm-none-eabi/lib/thumb/v7e-m+fp/hard\libc_nano.a(libc_a-mallocr.o)
                0x0000000020016da0                __malloc_sbrk_start
 *(COMMON)
                0x0000000020016da4                . = ALIGN (0x4)
                0x0000000020016da4                _ebss = .
                0x0000000020016da4                __bss_end__ = _ebss

._user_heap_stack
                0x0000000020016da4      0x604
                0x0000000020016da8                . = ALIGN (0x8)
 *fill*         0x0000000020016da4        0x4 
                [!provide]                        PROVIDE (end = .)
                0x0000000020016da8                PROVIDE (_end = .)
                0x0000000020016fa8                . = (. + _Min_Heap_Size)
 *fill*         0x0000000020016da8      0x200 
                0x00000000200173a8                . = (. + _Min_Stack_Size)
 *fill*         0x0000000020016fa8      0x400 
                0x00000000200173a8                . = ALIGN (0x8)

/DISCARD/
 libc.a(*)
 libm.a(*)
 libgcc.a(*)

.ARM.attributes
                0x0000000000000000       0x30
 *(.ARM.attributes)
 .ARM.attributes
                0x0000000000000000       0x1e C:/ST/STM32CubeIDE_1.13.1/STM32CubeIDE/plugins/com.st.stm32cube.ide.mcu.externaltools.gnu-tools-for-stm32.11.3.rel1.win32_1.1.100.202309141235/tools/bin/../lib/gcc/arm-none-eabi/11.3.1/thumb/v7e-m+fp/hard/crti.o
 .ARM.attributes
                0x000000000000001e       0x34 C:/ST/STM32CubeIDE_1.13.1/STM32CubeIDE/plugins/com.st.stm32cube.ide.mcu.externaltools.gnu-tools-for-stm32.11.3.rel1.win32_1.1.100.202309141235/tools/bin/../lib/gcc/arm-none-eabi/11.3.1/thumb/v7e-m+fp/hard/crtbegin.o
 .ARM.attributes
                0x0000000000000052       0x34 ./Inc/misc.o
 .ARM.attributes
                0x0000000000000086       0x34 ./Inc/stm32f4xx_dcmi.o
 .ARM.attributes
                0x00000000000000ba       0x34 ./Inc/stm32f4xx_dma.o
 .ARM.attributes
                0x00000000000000ee       0x34 ./Inc/stm32f4xx_gpio.o
 .ARM.attributes
                0x0000000000000122       0x34 ./Inc/stm32f4xx_i2c.o
 .ARM.attributes
                0x0000000000000156       0x34 ./Inc/stm32f4xx_rcc.o
 .ARM.attributes
                0x000000000000018a       0x34 ./Inc/stm32f4xx_usart.o
 .ARM.attributes
                0x00000000000001be       0x34 ./Src/main.o
 .ARM.attributes
                0x00000000000001f2       0x34 ./Src/syscalls.o
 .ARM.attributes
                0x0000000000000226       0x34 ./Src/sysmem.o
 .ARM.attributes
                0x000000000000025a       0x21 ./Startup/startup_stm32f407vgtx.o
 .ARM.attributes
                0x000000000000027b       0x34 C:/ST/STM32CubeIDE_1.13.1/STM32CubeIDE/plugins/com.st.stm32cube.ide.mcu.externaltools.gnu-tools-for-stm32.11.3.rel1.win32_1.1.100.202309141235/tools/bin/../lib/gcc/arm-none-eabi/11.3.1/../../../../arm-none-eabi/lib/thumb/v7e-m+fp/hard\libc_nano.a(libc_a-findfp.o)
 .ARM.attributes
                0x00000000000002af       0x34 C:/ST/STM32CubeIDE_1.13.1/STM32CubeIDE/plugins/com.st.stm32cube.ide.mcu.externaltools.gnu-tools-for-stm32.11.3.rel1.win32_1.1.100.202309141235/tools/bin/../lib/gcc/arm-none-eabi/11.3.1/../../../../arm-none-eabi/lib/thumb/v7e-m+fp/hard\libc_nano.a(libc_a-fwalk.o)
 .ARM.attributes
                0x00000000000002e3       0x34 C:/ST/STM32CubeIDE_1.13.1/STM32CubeIDE/plugins/com.st.stm32cube.ide.mcu.externaltools.gnu-tools-for-stm32.11.3.rel1.win32_1.1.100.202309141235/tools/bin/../lib/gcc/arm-none-eabi/11.3.1/../../../../arm-none-eabi/lib/thumb/v7e-m+fp/hard\libc_nano.a(libc_a-printf.o)
 .ARM.attributes
                0x0000000000000317       0x34 C:/ST/STM32CubeIDE_1.13.1/STM32CubeIDE/plugins/com.st.stm32cube.ide.mcu.externaltools.gnu-tools-for-stm32.11.3.rel1.win32_1.1.100.202309141235/tools/bin/../lib/gcc/arm-none-eabi/11.3.1/../../../../arm-none-eabi/lib/thumb/v7e-m+fp/hard\libc_nano.a(libc_a-stdio.o)
 .ARM.attributes
                0x000000000000034b       0x34 C:/ST/STM32CubeIDE_1.13.1/STM32CubeIDE/plugins/com.st.stm32cube.ide.mcu.externaltools.gnu-tools-for-stm32.11.3.rel1.win32_1.1.100.202309141235/tools/bin/../lib/gcc/arm-none-eabi/11.3.1/../../../../arm-none-eabi/lib/thumb/v7e-m+fp/hard\libc_nano.a(libc_a-memset.o)
 .ARM.attributes
                0x000000000000037f       0x34 C:/ST/STM32CubeIDE_1.13.1/STM32CubeIDE/plugins/com.st.stm32cube.ide.mcu.externaltools.gnu-tools-for-stm32.11.3.rel1.win32_1.1.100.202309141235/tools/bin/../lib/gcc/arm-none-eabi/11.3.1/../../../../arm-none-eabi/lib/thumb/v7e-m+fp/hard\libc_nano.a(libc_a-closer.o)
 .ARM.attributes
                0x00000000000003b3       0x34 C:/ST/STM32CubeIDE_1.13.1/STM32CubeIDE/plugins/com.st.stm32cube.ide.mcu.externaltools.gnu-tools-for-stm32.11.3.rel1.win32_1.1.100.202309141235/tools/bin/../lib/gcc/arm-none-eabi/11.3.1/../../../../arm-none-eabi/lib/thumb/v7e-m+fp/hard\libc_nano.a(libc_a-reent.o)
 .ARM.attributes
                0x00000000000003e7       0x34 C:/ST/STM32CubeIDE_1.13.1/STM32CubeIDE/plugins/com.st.stm32cube.ide.mcu.externaltools.gnu-tools-for-stm32.11.3.rel1.win32_1.1.100.202309141235/tools/bin/../lib/gcc/arm-none-eabi/11.3.1/../../../../arm-none-eabi/lib/thumb/v7e-m+fp/hard\libc_nano.a(libc_a-impure.o)
 .ARM.attributes
                0x000000000000041b       0x34 C:/ST/STM32CubeIDE_1.13.1/STM32CubeIDE/plugins/com.st.stm32cube.ide.mcu.externaltools.gnu-tools-for-stm32.11.3.rel1.win32_1.1.100.202309141235/tools/bin/../lib/gcc/arm-none-eabi/11.3.1/../../../../arm-none-eabi/lib/thumb/v7e-m+fp/hard\libc_nano.a(libc_a-lseekr.o)
 .ARM.attributes
                0x000000000000044f       0x34 C:/ST/STM32CubeIDE_1.13.1/STM32CubeIDE/plugins/com.st.stm32cube.ide.mcu.externaltools.gnu-tools-for-stm32.11.3.rel1.win32_1.1.100.202309141235/tools/bin/../lib/gcc/arm-none-eabi/11.3.1/../../../../arm-none-eabi/lib/thumb/v7e-m+fp/hard\libc_nano.a(libc_a-readr.o)
 .ARM.attributes
                0x0000000000000483       0x34 C:/ST/STM32CubeIDE_1.13.1/STM32CubeIDE/plugins/com.st.stm32cube.ide.mcu.externaltools.gnu-tools-for-stm32.11.3.rel1.win32_1.1.100.202309141235/tools/bin/../lib/gcc/arm-none-eabi/11.3.1/../../../../arm-none-eabi/lib/thumb/v7e-m+fp/hard\libc_nano.a(libc_a-writer.o)
 .ARM.attributes
                0x00000000000004b7       0x34 C:/ST/STM32CubeIDE_1.13.1/STM32CubeIDE/plugins/com.st.stm32cube.ide.mcu.externaltools.gnu-tools-for-stm32.11.3.rel1.win32_1.1.100.202309141235/tools/bin/../lib/gcc/arm-none-eabi/11.3.1/../../../../arm-none-eabi/lib/thumb/v7e-m+fp/hard\libc_nano.a(libc_a-errno.o)
 .ARM.attributes
                0x00000000000004eb       0x34 C:/ST/STM32CubeIDE_1.13.1/STM32CubeIDE/plugins/com.st.stm32cube.ide.mcu.externaltools.gnu-tools-for-stm32.11.3.rel1.win32_1.1.100.202309141235/tools/bin/../lib/gcc/arm-none-eabi/11.3.1/../../../../arm-none-eabi/lib/thumb/v7e-m+fp/hard\libc_nano.a(libc_a-init.o)
 .ARM.attributes
                0x000000000000051f       0x34 C:/ST/STM32CubeIDE_1.13.1/STM32CubeIDE/plugins/com.st.stm32cube.ide.mcu.externaltools.gnu-tools-for-stm32.11.3.rel1.win32_1.1.100.202309141235/tools/bin/../lib/gcc/arm-none-eabi/11.3.1/../../../../arm-none-eabi/lib/thumb/v7e-m+fp/hard\libc_nano.a(libc_a-lock.o)
 .ARM.attributes
                0x0000000000000553       0x34 C:/ST/STM32CubeIDE_1.13.1/STM32CubeIDE/plugins/com.st.stm32cube.ide.mcu.externaltools.gnu-tools-for-stm32.11.3.rel1.win32_1.1.100.202309141235/tools/bin/../lib/gcc/arm-none-eabi/11.3.1/../../../../arm-none-eabi/lib/thumb/v7e-m+fp/hard\libc_nano.a(libc_a-freer.o)
 .ARM.attributes
                0x0000000000000587       0x34 C:/ST/STM32CubeIDE_1.13.1/STM32CubeIDE/plugins/com.st.stm32cube.ide.mcu.externaltools.gnu-tools-for-stm32.11.3.rel1.win32_1.1.100.202309141235/tools/bin/../lib/gcc/arm-none-eabi/11.3.1/../../../../arm-none-eabi/lib/thumb/v7e-m+fp/hard\libc_nano.a(libc_a-mallocr.o)
 .ARM.attributes
                0x00000000000005bb       0x34 C:/ST/STM32CubeIDE_1.13.1/STM32CubeIDE/plugins/com.st.stm32cube.ide.mcu.externaltools.gnu-tools-for-stm32.11.3.rel1.win32_1.1.100.202309141235/tools/bin/../lib/gcc/arm-none-eabi/11.3.1/../../../../arm-none-eabi/lib/thumb/v7e-m+fp/hard\libc_nano.a(libc_a-mlock.o)
 .ARM.attributes
                0x00000000000005ef       0x34 C:/ST/STM32CubeIDE_1.13.1/STM32CubeIDE/plugins/com.st.stm32cube.ide.mcu.externaltools.gnu-tools-for-stm32.11.3.rel1.win32_1.1.100.202309141235/tools/bin/../lib/gcc/arm-none-eabi/11.3.1/../../../../arm-none-eabi/lib/thumb/v7e-m+fp/hard\libc_nano.a(libc_a-nano-vfprintf.o)
 .ARM.attributes
                0x0000000000000623       0x34 C:/ST/STM32CubeIDE_1.13.1/STM32CubeIDE/plugins/com.st.stm32cube.ide.mcu.externaltools.gnu-tools-for-stm32.11.3.rel1.win32_1.1.100.202309141235/tools/bin/../lib/gcc/arm-none-eabi/11.3.1/../../../../arm-none-eabi/lib/thumb/v7e-m+fp/hard\libc_nano.a(libc_a-nano-vfprintf_i.o)
 .ARM.attributes
                0x0000000000000657       0x34 C:/ST/STM32CubeIDE_1.13.1/STM32CubeIDE/plugins/com.st.stm32cube.ide.mcu.externaltools.gnu-tools-for-stm32.11.3.rel1.win32_1.1.100.202309141235/tools/bin/../lib/gcc/arm-none-eabi/11.3.1/../../../../arm-none-eabi/lib/thumb/v7e-m+fp/hard\libc_nano.a(libc_a-fflush.o)
 .ARM.attributes
                0x000000000000068b       0x34 C:/ST/STM32CubeIDE_1.13.1/STM32CubeIDE/plugins/com.st.stm32cube.ide.mcu.externaltools.gnu-tools-for-stm32.11.3.rel1.win32_1.1.100.202309141235/tools/bin/../lib/gcc/arm-none-eabi/11.3.1/../../../../arm-none-eabi/lib/thumb/v7e-m+fp/hard\libc_nano.a(libc_a-wbuf.o)
 .ARM.attributes
                0x00000000000006bf       0x34 C:/ST/STM32CubeIDE_1.13.1/STM32CubeIDE/plugins/com.st.stm32cube.ide.mcu.externaltools.gnu-tools-for-stm32.11.3.rel1.win32_1.1.100.202309141235/tools/bin/../lib/gcc/arm-none-eabi/11.3.1/../../../../arm-none-eabi/lib/thumb/v7e-m+fp/hard\libc_nano.a(libc_a-wsetup.o)
 .ARM.attributes
                0x00000000000006f3       0x34 C:/ST/STM32CubeIDE_1.13.1/STM32CubeIDE/plugins/com.st.stm32cube.ide.mcu.externaltools.gnu-tools-for-stm32.11.3.rel1.win32_1.1.100.202309141235/tools/bin/../lib/gcc/arm-none-eabi/11.3.1/../../../../arm-none-eabi/lib/thumb/v7e-m+fp/hard\libc_nano.a(libc_a-sbrkr.o)
 .ARM.attributes
                0x0000000000000727       0x1c C:/ST/STM32CubeIDE_1.13.1/STM32CubeIDE/plugins/com.st.stm32cube.ide.mcu.externaltools.gnu-tools-for-stm32.11.3.rel1.win32_1.1.100.202309141235/tools/bin/../lib/gcc/arm-none-eabi/11.3.1/../../../../arm-none-eabi/lib/thumb/v7e-m+fp/hard\libc_nano.a(libc_a-memchr.o)
 .ARM.attributes
                0x0000000000000743       0x34 C:/ST/STM32CubeIDE_1.13.1/STM32CubeIDE/plugins/com.st.stm32cube.ide.mcu.externaltools.gnu-tools-for-stm32.11.3.rel1.win32_1.1.100.202309141235/tools/bin/../lib/gcc/arm-none-eabi/11.3.1/../../../../arm-none-eabi/lib/thumb/v7e-m+fp/hard\libc_nano.a(libc_a-makebuf.o)
 .ARM.attributes
                0x0000000000000777       0x34 C:/ST/STM32CubeIDE_1.13.1/STM32CubeIDE/plugins/com.st.stm32cube.ide.mcu.externaltools.gnu-tools-for-stm32.11.3.rel1.win32_1.1.100.202309141235/tools/bin/../lib/gcc/arm-none-eabi/11.3.1/../../../../arm-none-eabi/lib/thumb/v7e-m+fp/hard\libc_nano.a(libc_a-fstatr.o)
 .ARM.attributes
                0x00000000000007ab       0x34 C:/ST/STM32CubeIDE_1.13.1/STM32CubeIDE/plugins/com.st.stm32cube.ide.mcu.externaltools.gnu-tools-for-stm32.11.3.rel1.win32_1.1.100.202309141235/tools/bin/../lib/gcc/arm-none-eabi/11.3.1/../../../../arm-none-eabi/lib/thumb/v7e-m+fp/hard\libc_nano.a(libc_a-isattyr.o)
 .ARM.attributes
                0x00000000000007df       0x1e C:/ST/STM32CubeIDE_1.13.1/STM32CubeIDE/plugins/com.st.stm32cube.ide.mcu.externaltools.gnu-tools-for-stm32.11.3.rel1.win32_1.1.100.202309141235/tools/bin/../lib/gcc/arm-none-eabi/11.3.1/thumb/v7e-m+fp/hard\libgcc.a(_aeabi_uldivmod.o)
 .ARM.attributes
                0x00000000000007fd       0x34 C:/ST/STM32CubeIDE_1.13.1/STM32CubeIDE/plugins/com.st.stm32cube.ide.mcu.externaltools.gnu-tools-for-stm32.11.3.rel1.win32_1.1.100.202309141235/tools/bin/../lib/gcc/arm-none-eabi/11.3.1/thumb/v7e-m+fp/hard\libgcc.a(_udivmoddi4.o)
 .ARM.attributes
                0x0000000000000831       0x1e C:/ST/STM32CubeIDE_1.13.1/STM32CubeIDE/plugins/com.st.stm32cube.ide.mcu.externaltools.gnu-tools-for-stm32.11.3.rel1.win32_1.1.100.202309141235/tools/bin/../lib/gcc/arm-none-eabi/11.3.1/thumb/v7e-m+fp/hard\libgcc.a(_dvmd_tls.o)
 .ARM.attributes
                0x000000000000084f       0x1e C:/ST/STM32CubeIDE_1.13.1/STM32CubeIDE/plugins/com.st.stm32cube.ide.mcu.externaltools.gnu-tools-for-stm32.11.3.rel1.win32_1.1.100.202309141235/tools/bin/../lib/gcc/arm-none-eabi/11.3.1/thumb/v7e-m+fp/hard/crtn.o
OUTPUT(MVM0.2.elf elf32-littlearm)
LOAD linker stubs
LOAD C:/ST/STM32CubeIDE_1.13.1/STM32CubeIDE/plugins/com.st.stm32cube.ide.mcu.externaltools.gnu-tools-for-stm32.11.3.rel1.win32_1.1.100.202309141235/tools/bin/../lib/gcc/arm-none-eabi/11.3.1/../../../../arm-none-eabi/lib/thumb/v7e-m+fp/hard\libc.a
LOAD C:/ST/STM32CubeIDE_1.13.1/STM32CubeIDE/plugins/com.st.stm32cube.ide.mcu.externaltools.gnu-tools-for-stm32.11.3.rel1.win32_1.1.100.202309141235/tools/bin/../lib/gcc/arm-none-eabi/11.3.1/../../../../arm-none-eabi/lib/thumb/v7e-m+fp/hard\libm.a
LOAD C:/ST/STM32CubeIDE_1.13.1/STM32CubeIDE/plugins/com.st.stm32cube.ide.mcu.externaltools.gnu-tools-for-stm32.11.3.rel1.win32_1.1.100.202309141235/tools/bin/../lib/gcc/arm-none-eabi/11.3.1/thumb/v7e-m+fp/hard\libgcc.a

.comment        0x0000000000000000       0x43
 .comment       0x0000000000000000       0x43 C:/ST/STM32CubeIDE_1.13.1/STM32CubeIDE/plugins/com.st.stm32cube.ide.mcu.externaltools.gnu-tools-for-stm32.11.3.rel1.win32_1.1.100.202309141235/tools/bin/../lib/gcc/arm-none-eabi/11.3.1/thumb/v7e-m+fp/hard/crtbegin.o
                                         0x44 (size before relaxing)
 .comment       0x0000000000000043       0x44 ./Inc/misc.o
 .comment       0x0000000000000043       0x44 ./Inc/stm32f4xx_dcmi.o
 .comment       0x0000000000000043       0x44 ./Inc/stm32f4xx_dma.o
 .comment       0x0000000000000043       0x44 ./Inc/stm32f4xx_gpio.o
 .comment       0x0000000000000043       0x44 ./Inc/stm32f4xx_i2c.o
 .comment       0x0000000000000043       0x44 ./Inc/stm32f4xx_rcc.o
 .comment       0x0000000000000043       0x44 ./Inc/stm32f4xx_usart.o
 .comment       0x0000000000000043       0x44 ./Src/main.o
 .comment       0x0000000000000043       0x44 ./Src/syscalls.o
 .comment       0x0000000000000043       0x44 ./Src/sysmem.o

.debug_info     0x0000000000000000     0x5cfa
 .debug_info    0x0000000000000000      0x4fa ./Inc/misc.o
 .debug_info    0x00000000000004fa      0x51c ./Inc/stm32f4xx_dcmi.o
 .debug_info    0x0000000000000a16      0x6f3 ./Inc/stm32f4xx_dma.o
 .debug_info    0x0000000000001109      0x60c ./Inc/stm32f4xx_gpio.o
 .debug_info    0x0000000000001715      0xb6a ./Inc/stm32f4xx_i2c.o
 .debug_info    0x000000000000227f      0xde4 ./Inc/stm32f4xx_rcc.o
 .debug_info    0x0000000000003063      0x9c2 ./Inc/stm32f4xx_usart.o
 .debug_info    0x0000000000003a25     0x1aa7 ./Src/main.o
 .debug_info    0x00000000000054cc      0x6a3 ./Src/syscalls.o
 .debug_info    0x0000000000005b6f      0x168 ./Src/sysmem.o
 .debug_info    0x0000000000005cd7       0x23 ./Startup/startup_stm32f407vgtx.o

.debug_abbrev   0x0000000000000000     0x11a9
 .debug_abbrev  0x0000000000000000      0x17f ./Inc/misc.o
 .debug_abbrev  0x000000000000017f      0x1b0 ./Inc/stm32f4xx_dcmi.o
 .debug_abbrev  0x000000000000032f      0x178 ./Inc/stm32f4xx_dma.o
 .debug_abbrev  0x00000000000004a7      0x1ee ./Inc/stm32f4xx_gpio.o
 .debug_abbrev  0x0000000000000695      0x1c3 ./Inc/stm32f4xx_i2c.o
 .debug_abbrev  0x0000000000000858      0x1e1 ./Inc/stm32f4xx_rcc.o
 .debug_abbrev  0x0000000000000a39      0x1b1 ./Inc/stm32f4xx_usart.o
 .debug_abbrev  0x0000000000000bea      0x33b ./Src/main.o
 .debug_abbrev  0x0000000000000f25      0x1b6 ./Src/syscalls.o
 .debug_abbrev  0x00000000000010db       0xbc ./Src/sysmem.o
 .debug_abbrev  0x0000000000001197       0x12 ./Startup/startup_stm32f407vgtx.o

.debug_aranges  0x0000000000000000      0x7e8
 .debug_aranges
                0x0000000000000000       0x40 ./Inc/misc.o
 .debug_aranges
                0x0000000000000040       0x90 ./Inc/stm32f4xx_dcmi.o
 .debug_aranges
                0x00000000000000d0       0xb0 ./Inc/stm32f4xx_dma.o
 .debug_aranges
                0x0000000000000180       0x88 ./Inc/stm32f4xx_gpio.o
 .debug_aranges
                0x0000000000000208      0x130 ./Inc/stm32f4xx_i2c.o
 .debug_aranges
                0x0000000000000338      0x1c0 ./Inc/stm32f4xx_rcc.o
 .debug_aranges
                0x00000000000004f8      0x100 ./Inc/stm32f4xx_usart.o
 .debug_aranges
                0x00000000000005f8      0x100 ./Src/main.o
 .debug_aranges
                0x00000000000006f8       0xa8 ./Src/syscalls.o
 .debug_aranges
                0x00000000000007a0       0x20 ./Src/sysmem.o
 .debug_aranges
                0x00000000000007c0       0x28 ./Startup/startup_stm32f407vgtx.o

.debug_rnglists
                0x0000000000000000      0x5d3
 .debug_rnglists
                0x0000000000000000       0x2c ./Inc/misc.o
 .debug_rnglists
                0x000000000000002c       0x68 ./Inc/stm32f4xx_dcmi.o
 .debug_rnglists
                0x0000000000000094       0x82 ./Inc/stm32f4xx_dma.o
 .debug_rnglists
                0x0000000000000116       0x64 ./Inc/stm32f4xx_gpio.o
 .debug_rnglists
                0x000000000000017a       0xe0 ./Inc/stm32f4xx_i2c.o
 .debug_rnglists
                0x000000000000025a      0x14c ./Inc/stm32f4xx_rcc.o
 .debug_rnglists
                0x00000000000003a6       0xbf ./Inc/stm32f4xx_usart.o
 .debug_rnglists
                0x0000000000000465       0xc9 ./Src/main.o
 .debug_rnglists
                0x000000000000052e       0x79 ./Src/syscalls.o
 .debug_rnglists
                0x00000000000005a7       0x13 ./Src/sysmem.o
 .debug_rnglists
                0x00000000000005ba       0x19 ./Startup/startup_stm32f407vgtx.o

.debug_macro    0x0000000000000000    0x1099a
 .debug_macro   0x0000000000000000      0x11f ./Inc/misc.o
 .debug_macro   0x000000000000011f      0xaba ./Inc/misc.o
 .debug_macro   0x0000000000000bd9       0x65 ./Inc/misc.o
 .debug_macro   0x0000000000000c3e       0x22 ./Inc/misc.o
 .debug_macro   0x0000000000000c60       0x8e ./Inc/misc.o
 .debug_macro   0x0000000000000cee       0x51 ./Inc/misc.o
 .debug_macro   0x0000000000000d3f      0x103 ./Inc/misc.o
 .debug_macro   0x0000000000000e42       0x6a ./Inc/misc.o
 .debug_macro   0x0000000000000eac      0x1df ./Inc/misc.o
 .debug_macro   0x000000000000108b       0x35 ./Inc/misc.o
 .debug_macro   0x00000000000010c0       0x50 ./Inc/misc.o
 .debug_macro   0x0000000000001110      0xe66 ./Inc/misc.o
 .debug_macro   0x0000000000001f76     0x918a ./Inc/misc.o
 .debug_macro   0x000000000000b100       0x7c ./Inc/misc.o
 .debug_macro   0x000000000000b17c      0x477 ./Inc/misc.o
 .debug_macro   0x000000000000b5f3      0x2f4 ./Inc/misc.o
 .debug_macro   0x000000000000b8e7      0x2ba ./Inc/misc.o
 .debug_macro   0x000000000000bba1      0x650 ./Inc/misc.o
 .debug_macro   0x000000000000c1f1      0x73b ./Inc/misc.o
 .debug_macro   0x000000000000c92c      0x223 ./Inc/misc.o
 .debug_macro   0x000000000000cb4f      0x149 ./Inc/misc.o
 .debug_macro   0x000000000000cc98      0x119 ./Inc/stm32f4xx_dcmi.o
 .debug_macro   0x000000000000cdb1      0x143 ./Inc/stm32f4xx_dcmi.o
 .debug_macro   0x000000000000cef4       0x82 ./Inc/stm32f4xx_dcmi.o
 .debug_macro   0x000000000000cf76      0x16d ./Inc/stm32f4xx_dma.o
 .debug_macro   0x000000000000d0e3      0x471 ./Inc/stm32f4xx_dma.o
 .debug_macro   0x000000000000d554      0x119 ./Inc/stm32f4xx_gpio.o
 .debug_macro   0x000000000000d66d      0x2ee ./Inc/stm32f4xx_gpio.o
 .debug_macro   0x000000000000d95b      0x12b ./Inc/stm32f4xx_i2c.o
 .debug_macro   0x000000000000da86      0x2b4 ./Inc/stm32f4xx_i2c.o
 .debug_macro   0x000000000000dd3a      0x1ec ./Inc/stm32f4xx_rcc.o
 .debug_macro   0x000000000000df26      0x64a ./Inc/stm32f4xx_rcc.o
 .debug_macro   0x000000000000e570      0x131 ./Inc/stm32f4xx_usart.o
 .debug_macro   0x000000000000e6a1      0x21d ./Inc/stm32f4xx_usart.o
 .debug_macro   0x000000000000e8be      0x2c7 ./Src/main.o
 .debug_macro   0x000000000000eb85       0x5b ./Src/main.o
 .debug_macro   0x000000000000ebe0       0x2a ./Src/main.o
 .debug_macro   0x000000000000ec0a       0x94 ./Src/main.o
 .debug_macro   0x000000000000ec9e       0x43 ./Src/main.o
 .debug_macro   0x000000000000ece1       0x34 ./Src/main.o
 .debug_macro   0x000000000000ed15       0x16 ./Src/main.o
 .debug_macro   0x000000000000ed2b       0x57 ./Src/main.o
 .debug_macro   0x000000000000ed82       0x97 ./Src/main.o
 .debug_macro   0x000000000000ee19      0x369 ./Src/main.o
 .debug_macro   0x000000000000f182       0xfd ./Src/main.o
 .debug_macro   0x000000000000f27f       0x10 ./Src/main.o
 .debug_macro   0x000000000000f28f       0x16 ./Src/main.o
 .debug_macro   0x000000000000f2a5       0x43 ./Src/main.o
 .debug_macro   0x000000000000f2e8       0x34 ./Src/main.o
 .debug_macro   0x000000000000f31c       0x10 ./Src/main.o
 .debug_macro   0x000000000000f32c       0x58 ./Src/main.o
 .debug_macro   0x000000000000f384       0x8e ./Src/main.o
 .debug_macro   0x000000000000f412       0x1c ./Src/main.o
 .debug_macro   0x000000000000f42e      0x177 ./Src/main.o
 .debug_macro   0x000000000000f5a5       0x16 ./Src/main.o
 .debug_macro   0x000000000000f5bb       0x16 ./Src/main.o
 .debug_macro   0x000000000000f5d1      0x147 ./Src/main.o
 .debug_macro   0x000000000000f718       0x3b ./Src/main.o
 .debug_macro   0x000000000000f753       0x22 ./Src/main.o
 .debug_macro   0x000000000000f775       0x16 ./Src/main.o
 .debug_macro   0x000000000000f78b       0x35 ./Src/main.o
 .debug_macro   0x000000000000f7c0       0x16 ./Src/main.o
 .debug_macro   0x000000000000f7d6       0x29 ./Src/main.o
 .debug_macro   0x000000000000f7ff      0x19b ./Src/main.o
 .debug_macro   0x000000000000f99a       0x16 ./Src/main.o
 .debug_macro   0x000000000000f9b0       0x20 ./Src/main.o
 .debug_macro   0x000000000000f9d0      0x274 ./Src/syscalls.o
 .debug_macro   0x000000000000fc44      0x174 ./Src/syscalls.o
 .debug_macro   0x000000000000fdb8       0x10 ./Src/syscalls.o
 .debug_macro   0x000000000000fdc8       0x10 ./Src/syscalls.o
 .debug_macro   0x000000000000fdd8       0x10 ./Src/syscalls.o
 .debug_macro   0x000000000000fde8       0x10 ./Src/syscalls.o
 .debug_macro   0x000000000000fdf8       0x1c ./Src/syscalls.o
 .debug_macro   0x000000000000fe14       0x52 ./Src/syscalls.o
 .debug_macro   0x000000000000fe66       0x22 ./Src/syscalls.o
 .debug_macro   0x000000000000fe88       0x10 ./Src/syscalls.o
 .debug_macro   0x000000000000fe98       0x52 ./Src/syscalls.o
 .debug_macro   0x000000000000feea       0xcf ./Src/syscalls.o
 .debug_macro   0x000000000000ffb9       0x1c ./Src/syscalls.o
 .debug_macro   0x000000000000ffd5       0x3d ./Src/syscalls.o
 .debug_macro   0x0000000000010012       0x35 ./Src/syscalls.o
 .debug_macro   0x0000000000010047      0x12c ./Src/syscalls.o
 .debug_macro   0x0000000000010173       0x10 ./Src/syscalls.o
 .debug_macro   0x0000000000010183      0x242 ./Src/syscalls.o
 .debug_macro   0x00000000000103c5       0x1c ./Src/syscalls.o
 .debug_macro   0x00000000000103e1       0x10 ./Src/syscalls.o
 .debug_macro   0x00000000000103f1      0x18a ./Src/syscalls.o
 .debug_macro   0x000000000001057b       0x16 ./Src/syscalls.o
 .debug_macro   0x0000000000010591       0xce ./Src/syscalls.o
 .debug_macro   0x000000000001065f       0xff ./Src/sysmem.o
 .debug_macro   0x000000000001075e      0x23c ./Src/sysmem.o

.debug_line     0x0000000000000000     0x6665
 .debug_line    0x0000000000000000      0x696 ./Inc/misc.o
 .debug_line    0x0000000000000696      0x823 ./Inc/stm32f4xx_dcmi.o
 .debug_line    0x0000000000000eb9      0xa1a ./Inc/stm32f4xx_dma.o
 .debug_line    0x00000000000018d3      0x8ad ./Inc/stm32f4xx_gpio.o
 .debug_line    0x0000000000002180      0xb33 ./Inc/stm32f4xx_i2c.o
 .debug_line    0x0000000000002cb3      0xe5c ./Inc/stm32f4xx_rcc.o
 .debug_line    0x0000000000003b0f      0xad9 ./Inc/stm32f4xx_usart.o
 .debug_line    0x00000000000045e8     0x11d7 ./Src/main.o
 .debug_line    0x00000000000057bf      0x8ad ./Src/syscalls.o
 .debug_line    0x000000000000606c      0x57e ./Src/sysmem.o
 .debug_line    0x00000000000065ea       0x7b ./Startup/startup_stm32f407vgtx.o

.debug_str      0x0000000000000000    0x55546
 .debug_str     0x0000000000000000    0x4c44e ./Inc/misc.o
                                      0x4c5bf (size before relaxing)
 .debug_str     0x000000000004c44e      0x305 ./Inc/stm32f4xx_dcmi.o
                                      0x4c6a0 (size before relaxing)
 .debug_str     0x000000000004c753      0x688 ./Inc/stm32f4xx_dma.o
                                      0x4ca25 (size before relaxing)
 .debug_str     0x000000000004cddb      0x2b7 ./Inc/stm32f4xx_gpio.o
                                      0x4c68e (size before relaxing)
 .debug_str     0x000000000004d092      0x505 ./Inc/stm32f4xx_i2c.o
                                      0x4c906 (size before relaxing)
 .debug_str     0x000000000004d597      0xc94 ./Inc/stm32f4xx_rcc.o
                                      0x4d174 (size before relaxing)
 .debug_str     0x000000000004e22b      0x529 ./Inc/stm32f4xx_usart.o
                                      0x4c9ba (size before relaxing)
 .debug_str     0x000000000004e754     0x4d80 ./Src/main.o
                                      0x4d472 (size before relaxing)
 .debug_str     0x00000000000534d4     0x1fdd ./Src/syscalls.o
                                       0x98e4 (size before relaxing)
 .debug_str     0x00000000000554b1       0x66 ./Src/sysmem.o
                                       0x609b (size before relaxing)
 .debug_str     0x0000000000055517       0x2f ./Startup/startup_stm32f407vgtx.o
                                         0x86 (size before relaxing)

.debug_frame    0x0000000000000000     0x29fc
 .debug_frame   0x0000000000000000       0xd8 ./Inc/misc.o
 .debug_frame   0x00000000000000d8      0x258 ./Inc/stm32f4xx_dcmi.o
 .debug_frame   0x0000000000000330      0x308 ./Inc/stm32f4xx_dma.o
 .debug_frame   0x0000000000000638      0x23c ./Inc/stm32f4xx_gpio.o
 .debug_frame   0x0000000000000874      0x580 ./Inc/stm32f4xx_i2c.o
 .debug_frame   0x0000000000000df4      0x83c ./Inc/stm32f4xx_rcc.o
 .debug_frame   0x0000000000001630      0x490 ./Inc/stm32f4xx_usart.o
 .debug_frame   0x0000000000001ac0      0x428 ./Src/main.o
 .debug_frame   0x0000000000001ee8      0x2ac ./Src/syscalls.o
 .debug_frame   0x0000000000002194       0x34 ./Src/sysmem.o
 .debug_frame   0x00000000000021c8      0x144 C:/ST/STM32CubeIDE_1.13.1/STM32CubeIDE/plugins/com.st.stm32cube.ide.mcu.externaltools.gnu-tools-for-stm32.11.3.rel1.win32_1.1.100.202309141235/tools/bin/../lib/gcc/arm-none-eabi/11.3.1/../../../../arm-none-eabi/lib/thumb/v7e-m+fp/hard\libc_nano.a(libc_a-findfp.o)
 .debug_frame   0x000000000000230c       0x34 C:/ST/STM32CubeIDE_1.13.1/STM32CubeIDE/plugins/com.st.stm32cube.ide.mcu.externaltools.gnu-tools-for-stm32.11.3.rel1.win32_1.1.100.202309141235/tools/bin/../lib/gcc/arm-none-eabi/11.3.1/../../../../arm-none-eabi/lib/thumb/v7e-m+fp/hard\libc_nano.a(libc_a-fwalk.o)
 .debug_frame   0x0000000000002340       0x6c C:/ST/STM32CubeIDE_1.13.1/STM32CubeIDE/plugins/com.st.stm32cube.ide.mcu.externaltools.gnu-tools-for-stm32.11.3.rel1.win32_1.1.100.202309141235/tools/bin/../lib/gcc/arm-none-eabi/11.3.1/../../../../arm-none-eabi/lib/thumb/v7e-m+fp/hard\libc_nano.a(libc_a-printf.o)
 .debug_frame   0x00000000000023ac       0x88 C:/ST/STM32CubeIDE_1.13.1/STM32CubeIDE/plugins/com.st.stm32cube.ide.mcu.externaltools.gnu-tools-for-stm32.11.3.rel1.win32_1.1.100.202309141235/tools/bin/../lib/gcc/arm-none-eabi/11.3.1/../../../../arm-none-eabi/lib/thumb/v7e-m+fp/hard\libc_nano.a(libc_a-stdio.o)
 .debug_frame   0x0000000000002434       0x20 C:/ST/STM32CubeIDE_1.13.1/STM32CubeIDE/plugins/com.st.stm32cube.ide.mcu.externaltools.gnu-tools-for-stm32.11.3.rel1.win32_1.1.100.202309141235/tools/bin/../lib/gcc/arm-none-eabi/11.3.1/../../../../arm-none-eabi/lib/thumb/v7e-m+fp/hard\libc_nano.a(libc_a-memset.o)
 .debug_frame   0x0000000000002454       0x2c C:/ST/STM32CubeIDE_1.13.1/STM32CubeIDE/plugins/com.st.stm32cube.ide.mcu.externaltools.gnu-tools-for-stm32.11.3.rel1.win32_1.1.100.202309141235/tools/bin/../lib/gcc/arm-none-eabi/11.3.1/../../../../arm-none-eabi/lib/thumb/v7e-m+fp/hard\libc_nano.a(libc_a-closer.o)
 .debug_frame   0x0000000000002480       0x38 C:/ST/STM32CubeIDE_1.13.1/STM32CubeIDE/plugins/com.st.stm32cube.ide.mcu.externaltools.gnu-tools-for-stm32.11.3.rel1.win32_1.1.100.202309141235/tools/bin/../lib/gcc/arm-none-eabi/11.3.1/../../../../arm-none-eabi/lib/thumb/v7e-m+fp/hard\libc_nano.a(libc_a-reent.o)
 .debug_frame   0x00000000000024b8       0x2c C:/ST/STM32CubeIDE_1.13.1/STM32CubeIDE/plugins/com.st.stm32cube.ide.mcu.externaltools.gnu-tools-for-stm32.11.3.rel1.win32_1.1.100.202309141235/tools/bin/../lib/gcc/arm-none-eabi/11.3.1/../../../../arm-none-eabi/lib/thumb/v7e-m+fp/hard\libc_nano.a(libc_a-lseekr.o)
 .debug_frame   0x00000000000024e4       0x2c C:/ST/STM32CubeIDE_1.13.1/STM32CubeIDE/plugins/com.st.stm32cube.ide.mcu.externaltools.gnu-tools-for-stm32.11.3.rel1.win32_1.1.100.202309141235/tools/bin/../lib/gcc/arm-none-eabi/11.3.1/../../../../arm-none-eabi/lib/thumb/v7e-m+fp/hard\libc_nano.a(libc_a-readr.o)
 .debug_frame   0x0000000000002510       0x2c C:/ST/STM32CubeIDE_1.13.1/STM32CubeIDE/plugins/com.st.stm32cube.ide.mcu.externaltools.gnu-tools-for-stm32.11.3.rel1.win32_1.1.100.202309141235/tools/bin/../lib/gcc/arm-none-eabi/11.3.1/../../../../arm-none-eabi/lib/thumb/v7e-m+fp/hard\libc_nano.a(libc_a-writer.o)
 .debug_frame   0x000000000000253c       0x20 C:/ST/STM32CubeIDE_1.13.1/STM32CubeIDE/plugins/com.st.stm32cube.ide.mcu.externaltools.gnu-tools-for-stm32.11.3.rel1.win32_1.1.100.202309141235/tools/bin/../lib/gcc/arm-none-eabi/11.3.1/../../../../arm-none-eabi/lib/thumb/v7e-m+fp/hard\libc_nano.a(libc_a-errno.o)
 .debug_frame   0x000000000000255c       0x2c C:/ST/STM32CubeIDE_1.13.1/STM32CubeIDE/plugins/com.st.stm32cube.ide.mcu.externaltools.gnu-tools-for-stm32.11.3.rel1.win32_1.1.100.202309141235/tools/bin/../lib/gcc/arm-none-eabi/11.3.1/../../../../arm-none-eabi/lib/thumb/v7e-m+fp/hard\libc_nano.a(libc_a-init.o)
 .debug_frame   0x0000000000002588       0xb0 C:/ST/STM32CubeIDE_1.13.1/STM32CubeIDE/plugins/com.st.stm32cube.ide.mcu.externaltools.gnu-tools-for-stm32.11.3.rel1.win32_1.1.100.202309141235/tools/bin/../lib/gcc/arm-none-eabi/11.3.1/../../../../arm-none-eabi/lib/thumb/v7e-m+fp/hard\libc_nano.a(libc_a-lock.o)
 .debug_frame   0x0000000000002638       0x38 C:/ST/STM32CubeIDE_1.13.1/STM32CubeIDE/plugins/com.st.stm32cube.ide.mcu.externaltools.gnu-tools-for-stm32.11.3.rel1.win32_1.1.100.202309141235/tools/bin/../lib/gcc/arm-none-eabi/11.3.1/../../../../arm-none-eabi/lib/thumb/v7e-m+fp/hard\libc_nano.a(libc_a-freer.o)
 .debug_frame   0x0000000000002670       0x50 C:/ST/STM32CubeIDE_1.13.1/STM32CubeIDE/plugins/com.st.stm32cube.ide.mcu.externaltools.gnu-tools-for-stm32.11.3.rel1.win32_1.1.100.202309141235/tools/bin/../lib/gcc/arm-none-eabi/11.3.1/../../../../arm-none-eabi/lib/thumb/v7e-m+fp/hard\libc_nano.a(libc_a-mallocr.o)
 .debug_frame   0x00000000000026c0       0x30 C:/ST/STM32CubeIDE_1.13.1/STM32CubeIDE/plugins/com.st.stm32cube.ide.mcu.externaltools.gnu-tools-for-stm32.11.3.rel1.win32_1.1.100.202309141235/tools/bin/../lib/gcc/arm-none-eabi/11.3.1/../../../../arm-none-eabi/lib/thumb/v7e-m+fp/hard\libc_nano.a(libc_a-mlock.o)
 .debug_frame   0x00000000000026f0       0xa8 C:/ST/STM32CubeIDE_1.13.1/STM32CubeIDE/plugins/com.st.stm32cube.ide.mcu.externaltools.gnu-tools-for-stm32.11.3.rel1.win32_1.1.100.202309141235/tools/bin/../lib/gcc/arm-none-eabi/11.3.1/../../../../arm-none-eabi/lib/thumb/v7e-m+fp/hard\libc_nano.a(libc_a-nano-vfprintf.o)
 .debug_frame   0x0000000000002798       0x60 C:/ST/STM32CubeIDE_1.13.1/STM32CubeIDE/plugins/com.st.stm32cube.ide.mcu.externaltools.gnu-tools-for-stm32.11.3.rel1.win32_1.1.100.202309141235/tools/bin/../lib/gcc/arm-none-eabi/11.3.1/../../../../arm-none-eabi/lib/thumb/v7e-m+fp/hard\libc_nano.a(libc_a-nano-vfprintf_i.o)
 .debug_frame   0x00000000000027f8       0x5c C:/ST/STM32CubeIDE_1.13.1/STM32CubeIDE/plugins/com.st.stm32cube.ide.mcu.externaltools.gnu-tools-for-stm32.11.3.rel1.win32_1.1.100.202309141235/tools/bin/../lib/gcc/arm-none-eabi/11.3.1/../../../../arm-none-eabi/lib/thumb/v7e-m+fp/hard\libc_nano.a(libc_a-fflush.o)
 .debug_frame   0x0000000000002854       0x40 C:/ST/STM32CubeIDE_1.13.1/STM32CubeIDE/plugins/com.st.stm32cube.ide.mcu.externaltools.gnu-tools-for-stm32.11.3.rel1.win32_1.1.100.202309141235/tools/bin/../lib/gcc/arm-none-eabi/11.3.1/../../../../arm-none-eabi/lib/thumb/v7e-m+fp/hard\libc_nano.a(libc_a-wbuf.o)
 .debug_frame   0x0000000000002894       0x2c C:/ST/STM32CubeIDE_1.13.1/STM32CubeIDE/plugins/com.st.stm32cube.ide.mcu.externaltools.gnu-tools-for-stm32.11.3.rel1.win32_1.1.100.202309141235/tools/bin/../lib/gcc/arm-none-eabi/11.3.1/../../../../arm-none-eabi/lib/thumb/v7e-m+fp/hard\libc_nano.a(libc_a-wsetup.o)
 .debug_frame   0x00000000000028c0       0x2c C:/ST/STM32CubeIDE_1.13.1/STM32CubeIDE/plugins/com.st.stm32cube.ide.mcu.externaltools.gnu-tools-for-stm32.11.3.rel1.win32_1.1.100.202309141235/tools/bin/../lib/gcc/arm-none-eabi/11.3.1/../../../../arm-none-eabi/lib/thumb/v7e-m+fp/hard\libc_nano.a(libc_a-sbrkr.o)
 .debug_frame   0x00000000000028ec       0x58 C:/ST/STM32CubeIDE_1.13.1/STM32CubeIDE/plugins/com.st.stm32cube.ide.mcu.externaltools.gnu-tools-for-stm32.11.3.rel1.win32_1.1.100.202309141235/tools/bin/../lib/gcc/arm-none-eabi/11.3.1/../../../../arm-none-eabi/lib/thumb/v7e-m+fp/hard\libc_nano.a(libc_a-makebuf.o)
 .debug_frame   0x0000000000002944       0x2c C:/ST/STM32CubeIDE_1.13.1/STM32CubeIDE/plugins/com.st.stm32cube.ide.mcu.externaltools.gnu-tools-for-stm32.11.3.rel1.win32_1.1.100.202309141235/tools/bin/../lib/gcc/arm-none-eabi/11.3.1/../../../../arm-none-eabi/lib/thumb/v7e-m+fp/hard\libc_nano.a(libc_a-fstatr.o)
 .debug_frame   0x0000000000002970       0x2c C:/ST/STM32CubeIDE_1.13.1/STM32CubeIDE/plugins/com.st.stm32cube.ide.mcu.externaltools.gnu-tools-for-stm32.11.3.rel1.win32_1.1.100.202309141235/tools/bin/../lib/gcc/arm-none-eabi/11.3.1/../../../../arm-none-eabi/lib/thumb/v7e-m+fp/hard\libc_nano.a(libc_a-isattyr.o)
 .debug_frame   0x000000000000299c       0x2c C:/ST/STM32CubeIDE_1.13.1/STM32CubeIDE/plugins/com.st.stm32cube.ide.mcu.externaltools.gnu-tools-for-stm32.11.3.rel1.win32_1.1.100.202309141235/tools/bin/../lib/gcc/arm-none-eabi/11.3.1/thumb/v7e-m+fp/hard\libgcc.a(_aeabi_uldivmod.o)
 .debug_frame   0x00000000000029c8       0x34 C:/ST/STM32CubeIDE_1.13.1/STM32CubeIDE/plugins/com.st.stm32cube.ide.mcu.externaltools.gnu-tools-for-stm32.11.3.rel1.win32_1.1.100.202309141235/tools/bin/../lib/gcc/arm-none-eabi/11.3.1/thumb/v7e-m+fp/hard\libgcc.a(_udivmoddi4.o)

.debug_line_str
                0x0000000000000000       0x7a
 .debug_line_str
                0x0000000000000000       0x7a ./Startup/startup_stm32f407vgtx.o
                                         0x92 (size before relaxing)
